../Core/Src/led_display.c:14:6:led_red_blink	8	static
../Core/Src/led_display.c:18:6:led_green_blink	8	static
../Core/Src/led_display.c:22:6:led_yellow_blink	8	static
../Core/Src/led_display.c:28:6:off_red_led	8	static
../Core/Src/led_display.c:33:6:off_yellow_led	8	static
../Core/Src/led_display.c:38:6:off_green_led	8	static
../Core/Src/led_display.c:44:6:modify_red_duration	8	static
../Core/Src/led_display.c:51:6:modify_yellow_duration	8	static
../Core/Src/led_display.c:58:6:modify_green_duration	8	static
../Core/Src/led_display.c:66:6:turn_green1	8	static
../Core/Src/led_display.c:73:6:turn_red1	8	static
../Core/Src/led_display.c:78:6:display1	8	static
../Core/Src/led_display.c:183:6:prepareDigits	12	static
../Core/Src/led_display.c:194:6:updateDisplay	8	static
../Core/Src/led_display.c:234:6:updatemode	0	static
../Core/Src/led_display.c:251:6:timeledlight	8	static
../Core/Src/led_display.c:255:6:normalstate	16	static
../Core/Src/led_display.c:311:6:update_numbers	0	static
../Core/Src/led_display.c:315:6:increment_duration	0	static
../Core/Src/led_display.c:324:6:save_duration	0	static
../Core/Src/led_display.c:332:6:but2_red	0	static
../Core/Src/led_display.c:333:6:but2_ye	0	static
../Core/Src/led_display.c:334:6:but2_gr	0	static
../Core/Src/led_display.c:337:6:but3_red	0	static
../Core/Src/led_display.c:338:6:but3_ye	0	static
../Core/Src/led_display.c:339:6:but3_gr	0	static
