Archive member included to satisfy reference by file (symbol)

d:/bkra/keil c test/stm32cubeide_1.10.1/stm32cubeide/plugins/com.st.stm32cube.ide.mcu.externaltools.gnu-tools-for-stm32.10.3-2021.10.win32_1.0.0.202111181127/tools/bin/../lib/gcc/arm-none-eabi/10.3.1/../../../../arm-none-eabi/lib/thumb/v7-m/nofp\libc_nano.a(lib_a-errno.o)
                              ./Core/Src/syscalls.o (__errno)
d:/bkra/keil c test/stm32cubeide_1.10.1/stm32cubeide/plugins/com.st.stm32cube.ide.mcu.externaltools.gnu-tools-for-stm32.10.3-2021.10.win32_1.0.0.202111181127/tools/bin/../lib/gcc/arm-none-eabi/10.3.1/../../../../arm-none-eabi/lib/thumb/v7-m/nofp\libc_nano.a(lib_a-exit.o)
                              d:/bkra/keil c test/stm32cubeide_1.10.1/stm32cubeide/plugins/com.st.stm32cube.ide.mcu.externaltools.gnu-tools-for-stm32.10.3-2021.10.win32_1.0.0.202111181127/tools/bin/../lib/gcc/arm-none-eabi/10.3.1/../../../../arm-none-eabi/lib/thumb/v7-m/nofp/crt0.o (exit)
d:/bkra/keil c test/stm32cubeide_1.10.1/stm32cubeide/plugins/com.st.stm32cube.ide.mcu.externaltools.gnu-tools-for-stm32.10.3-2021.10.win32_1.0.0.202111181127/tools/bin/../lib/gcc/arm-none-eabi/10.3.1/../../../../arm-none-eabi/lib/thumb/v7-m/nofp\libc_nano.a(lib_a-impure.o)
                              d:/bkra/keil c test/stm32cubeide_1.10.1/stm32cubeide/plugins/com.st.stm32cube.ide.mcu.externaltools.gnu-tools-for-stm32.10.3-2021.10.win32_1.0.0.202111181127/tools/bin/../lib/gcc/arm-none-eabi/10.3.1/../../../../arm-none-eabi/lib/thumb/v7-m/nofp\libc_nano.a(lib_a-exit.o) (_global_impure_ptr)
d:/bkra/keil c test/stm32cubeide_1.10.1/stm32cubeide/plugins/com.st.stm32cube.ide.mcu.externaltools.gnu-tools-for-stm32.10.3-2021.10.win32_1.0.0.202111181127/tools/bin/../lib/gcc/arm-none-eabi/10.3.1/../../../../arm-none-eabi/lib/thumb/v7-m/nofp\libc_nano.a(lib_a-init.o)
                              d:/bkra/keil c test/stm32cubeide_1.10.1/stm32cubeide/plugins/com.st.stm32cube.ide.mcu.externaltools.gnu-tools-for-stm32.10.3-2021.10.win32_1.0.0.202111181127/tools/bin/../lib/gcc/arm-none-eabi/10.3.1/../../../../arm-none-eabi/lib/thumb/v7-m/nofp/crt0.o (__libc_init_array)
d:/bkra/keil c test/stm32cubeide_1.10.1/stm32cubeide/plugins/com.st.stm32cube.ide.mcu.externaltools.gnu-tools-for-stm32.10.3-2021.10.win32_1.0.0.202111181127/tools/bin/../lib/gcc/arm-none-eabi/10.3.1/../../../../arm-none-eabi/lib/thumb/v7-m/nofp\libc_nano.a(lib_a-memset.o)
                              d:/bkra/keil c test/stm32cubeide_1.10.1/stm32cubeide/plugins/com.st.stm32cube.ide.mcu.externaltools.gnu-tools-for-stm32.10.3-2021.10.win32_1.0.0.202111181127/tools/bin/../lib/gcc/arm-none-eabi/10.3.1/../../../../arm-none-eabi/lib/thumb/v7-m/nofp/crt0.o (memset)

Discarded input sections

 .text          0x0000000000000000        0x0 d:/bkra/keil c test/stm32cubeide_1.10.1/stm32cubeide/plugins/com.st.stm32cube.ide.mcu.externaltools.gnu-tools-for-stm32.10.3-2021.10.win32_1.0.0.202111181127/tools/bin/../lib/gcc/arm-none-eabi/10.3.1/thumb/v7-m/nofp/crti.o
 .data          0x0000000000000000        0x0 d:/bkra/keil c test/stm32cubeide_1.10.1/stm32cubeide/plugins/com.st.stm32cube.ide.mcu.externaltools.gnu-tools-for-stm32.10.3-2021.10.win32_1.0.0.202111181127/tools/bin/../lib/gcc/arm-none-eabi/10.3.1/thumb/v7-m/nofp/crti.o
 .bss           0x0000000000000000        0x0 d:/bkra/keil c test/stm32cubeide_1.10.1/stm32cubeide/plugins/com.st.stm32cube.ide.mcu.externaltools.gnu-tools-for-stm32.10.3-2021.10.win32_1.0.0.202111181127/tools/bin/../lib/gcc/arm-none-eabi/10.3.1/thumb/v7-m/nofp/crti.o
 .data          0x0000000000000000        0x4 d:/bkra/keil c test/stm32cubeide_1.10.1/stm32cubeide/plugins/com.st.stm32cube.ide.mcu.externaltools.gnu-tools-for-stm32.10.3-2021.10.win32_1.0.0.202111181127/tools/bin/../lib/gcc/arm-none-eabi/10.3.1/thumb/v7-m/nofp/crtbegin.o
 .rodata        0x0000000000000000       0x24 d:/bkra/keil c test/stm32cubeide_1.10.1/stm32cubeide/plugins/com.st.stm32cube.ide.mcu.externaltools.gnu-tools-for-stm32.10.3-2021.10.win32_1.0.0.202111181127/tools/bin/../lib/gcc/arm-none-eabi/10.3.1/thumb/v7-m/nofp/crtbegin.o
 .text          0x0000000000000000       0x7c d:/bkra/keil c test/stm32cubeide_1.10.1/stm32cubeide/plugins/com.st.stm32cube.ide.mcu.externaltools.gnu-tools-for-stm32.10.3-2021.10.win32_1.0.0.202111181127/tools/bin/../lib/gcc/arm-none-eabi/10.3.1/../../../../arm-none-eabi/lib/thumb/v7-m/nofp/crt0.o
 .data          0x0000000000000000        0x0 d:/bkra/keil c test/stm32cubeide_1.10.1/stm32cubeide/plugins/com.st.stm32cube.ide.mcu.externaltools.gnu-tools-for-stm32.10.3-2021.10.win32_1.0.0.202111181127/tools/bin/../lib/gcc/arm-none-eabi/10.3.1/../../../../arm-none-eabi/lib/thumb/v7-m/nofp/crt0.o
 .bss           0x0000000000000000        0x0 d:/bkra/keil c test/stm32cubeide_1.10.1/stm32cubeide/plugins/com.st.stm32cube.ide.mcu.externaltools.gnu-tools-for-stm32.10.3-2021.10.win32_1.0.0.202111181127/tools/bin/../lib/gcc/arm-none-eabi/10.3.1/../../../../arm-none-eabi/lib/thumb/v7-m/nofp/crt0.o
[...]
Memory Configuration

Name             Origin             Length             Attributes
RAM              0x0000000020000000 0x0000000000002800 xrw
FLASH            0x0000000008000000 0x0000000000008000 xr
*default*        0x0000000000000000 0xffffffffffffffff

Linker script and memory map

LOAD d:/bkra/keil c test/stm32cubeide_1.10.1/stm32cubeide/plugins/com.st.stm32cube.ide.mcu.externaltools.gnu-tools-for-stm32.10.3-2021.10.win32_1.0.0.202111181127/tools/bin/../lib/gcc/arm-none-eabi/10.3.1/thumb/v7-m/nofp/crti.o
LOAD d:/bkra/keil c test/stm32cubeide_1.10.1/stm32cubeide/plugins/com.st.stm32cube.ide.mcu.externaltools.gnu-tools-for-stm32.10.3-2021.10.win32_1.0.0.202111181127/tools/bin/../lib/gcc/arm-none-eabi/10.3.1/thumb/v7-m/nofp/crtbegin.o
LOAD d:/bkra/keil c test/stm32cubeide_1.10.1/stm32cubeide/plugins/com.st.stm32cube.ide.mcu.externaltools.gnu-tools-for-stm32.10.3-2021.10.win32_1.0.0.202111181127/tools/bin/../lib/gcc/arm-none-eabi/10.3.1/../../../../arm-none-eabi/lib/thumb/v7-m/nofp/crt0.o
LOAD ./Core/Src/input_processing.o
LOAD ./Core/Src/input_reading.o
LOAD ./Core/Src/led_display.o
LOAD ./Core/Src/main lab3.o
LOAD ./Core/Src/main.o
LOAD ./Core/Src/scheduler.o
LOAD ./Core/Src/stm32f1xx_hal_msp.o
LOAD ./Core/Src/stm32f1xx_it.o
LOAD ./Core/Src/syscalls.o
LOAD ./Core/Src/sysmem.o
LOAD ./Core/Src/system_stm32f1xx.o
LOAD ./Core/Src/timer.o
LOAD ./Core/Startup/startup_stm32f103c6tx.o
LOAD ./Drivers/STM32F1xx_HAL_Driver/Src/stm32f1xx_hal.o
LOAD ./Drivers/STM32F1xx_HAL_Driver/Src/stm32f1xx_hal_cortex.o
LOAD ./Drivers/STM32F1xx_HAL_Driver/Src/stm32f1xx_hal_dma.o
LOAD ./Drivers/STM32F1xx_HAL_Driver/Src/stm32f1xx_hal_exti.o
LOAD ./Drivers/STM32F1xx_HAL_Driver/Src/stm32f1xx_hal_flash.o
LOAD ./Drivers/STM32F1xx_HAL_Driver/Src/stm32f1xx_hal_flash_ex.o
LOAD ./Drivers/STM32F1xx_HAL_Driver/Src/stm32f1xx_hal_gpio.o
LOAD ./Drivers/STM32F1xx_HAL_Driver/Src/stm32f1xx_hal_gpio_ex.o
LOAD ./Drivers/STM32F1xx_HAL_Driver/Src/stm32f1xx_hal_pwr.o
LOAD ./Drivers/STM32F1xx_HAL_Driver/Src/stm32f1xx_hal_rcc.o
LOAD ./Drivers/STM32F1xx_HAL_Driver/Src/stm32f1xx_hal_rcc_ex.o
LOAD ./Drivers/STM32F1xx_HAL_Driver/Src/stm32f1xx_hal_tim.o
LOAD ./Drivers/STM32F1xx_HAL_Driver/Src/stm32f1xx_hal_tim_ex.o
START GROUP
LOAD d:/bkra/keil c test/stm32cubeide_1.10.1/stm32cubeide/plugins/com.st.stm32cube.ide.mcu.externaltools.gnu-tools-for-stm32.10.3-2021.10.win32_1.0.0.202111181127/tools/bin/../lib/gcc/arm-none-eabi/10.3.1/../../../../arm-none-eabi/lib/thumb/v7-m/nofp\libc_nano.a
LOAD d:/bkra/keil c test/stm32cubeide_1.10.1/stm32cubeide/plugins/com.st.stm32cube.ide.mcu.externaltools.gnu-tools-for-stm32.10.3-2021.10.win32_1.0.0.202111181127/tools/bin/../lib/gcc/arm-none-eabi/10.3.1/../../../../arm-none-eabi/lib/thumb/v7-m/nofp\libm.a
END GROUP
START GROUP
LOAD d:/bkra/keil c test/stm32cubeide_1.10.1/stm32cubeide/plugins/com.st.stm32cube.ide.mcu.externaltools.gnu-tools-for-stm32.10.3-2021.10.win32_1.0.0.202111181127/tools/bin/../lib/gcc/arm-none-eabi/10.3.1/thumb/v7-m/nofp\libgcc.a
LOAD d:/bkra/keil c test/stm32cubeide_1.10.1/stm32cubeide/plugins/com.st.stm32cube.ide.mcu.externaltools.gnu-tools-for-stm32.10.3-2021.10.win32_1.0.0.202111181127/tools/bin/../lib/gcc/arm-none-eabi/10.3.1/../../../../arm-none-eabi/lib/thumb/v7-m/nofp\libc_nano.a
END GROUP
START GROUP
LOAD d:/bkra/keil c test/stm32cubeide_1.10.1/stm32cubeide/plugins/com.st.stm32cube.ide.mcu.externaltools.gnu-tools-for-stm32.10.3-2021.10.win32_1.0.0.202111181127/tools/bin/../lib/gcc/arm-none-eabi/10.3.1/thumb/v7-m/nofp\libgcc.a
LOAD d:/bkra/keil c test/stm32cubeide_1.10.1/stm32cubeide/plugins/com.st.stm32cube.ide.mcu.externaltools.gnu-tools-for-stm32.10.3-2021.10.win32_1.0.0.202111181127/tools/bin/../lib/gcc/arm-none-eabi/10.3.1/../../../../arm-none-eabi/lib/thumb/v7-m/nofp\libc_nano.a
LOAD d:/bkra/keil c test/stm32cubeide_1.10.1/stm32cubeide/plugins/com.st.stm32cube.ide.mcu.externaltools.gnu-tools-for-stm32.10.3-2021.10.win32_1.0.0.202111181127/tools/bin/../lib/gcc/arm-none-eabi/10.3.1/../../../../arm-none-eabi/lib/thumb/v7-m/nofp\libnosys.a
END GROUP
START GROUP
LOAD d:/bkra/keil c test/stm32cubeide_1.10.1/stm32cubeide/plugins/com.st.stm32cube.ide.mcu.externaltools.gnu-tools-for-stm32.10.3-2021.10.win32_1.0.0.202111181127/tools/bin/../lib/gcc/arm-none-eabi/10.3.1/thumb/v7-m/nofp\libgcc.a
LOAD d:/bkra/keil c test/stm32cubeide_1.10.1/stm32cubeide/plugins/com.st.stm32cube.ide.mcu.externaltools.gnu-tools-for-stm32.10.3-2021.10.win32_1.0.0.202111181127/tools/bin/../lib/gcc/arm-none-eabi/10.3.1/../../../../arm-none-eabi/lib/thumb/v7-m/nofp\libc_nano.a
LOAD d:/bkra/keil c test/stm32cubeide_1.10.1/stm32cubeide/plugins/com.st.stm32cube.ide.mcu.externaltools.gnu-tools-for-stm32.10.3-2021.10.win32_1.0.0.202111181127/tools/bin/../lib/gcc/arm-none-eabi/10.3.1/../../../../arm-none-eabi/lib/thumb/v7-m/nofp\libnosys.a
END GROUP
LOAD d:/bkra/keil c test/stm32cubeide_1.10.1/stm32cubeide/plugins/com.st.stm32cube.ide.mcu.externaltools.gnu-tools-for-stm32.10.3-2021.10.win32_1.0.0.202111181127/tools/bin/../lib/gcc/arm-none-eabi/10.3.1/thumb/v7-m/nofp/crtend.o
LOAD d:/bkra/keil c test/stm32cubeide_1.10.1/stm32cubeide/plugins/com.st.stm32cube.ide.mcu.externaltools.gnu-tools-for-stm32.10.3-2021.10.win32_1.0.0.202111181127/tools/bin/../lib/gcc/arm-none-eabi/10.3.1/thumb/v7-m/nofp/crtn.o
                0x0000000020002800                _estack = (ORIGIN (RAM) + LENGTH (RAM))
                0x0000000000000200                _Min_Heap_Size = 0x200
                0x0000000000000400                _Min_Stack_Size = 0x400

.isr_vector     0x0000000008000000      0x10c
                0x0000000008000000                . = ALIGN (0x4)
 *(.isr_vector)
 .isr_vector    0x0000000008000000      0x10c ./Core/Startup/startup_stm32f103c6tx.o
                0x0000000008000000                g_pfnVectors
                0x000000000800010c                . = ALIGN (0x4)

.text           0x000000000800010c     0x28e4
                0x000000000800010c                . = ALIGN (0x4)
 *(.text)
 .text          0x000000000800010c       0x40 d:/bkra/keil c test/stm32cubeide_1.10.1/stm32cubeide/plugins/com.st.stm32cube.ide.mcu.externaltools.gnu-tools-for-stm32.10.3-2021.10.win32_1.0.0.202111181127/tools/bin/../lib/gcc/arm-none-eabi/10.3.1/thumb/v7-m/nofp/crtbegin.o
 *(.text*)
 .text.handle_mode
                0x000000000800014c       0x44 ./Core/Src/input_processing.o
                0x000000000800014c                handle_mode
 .text.getKeyInput
                0x0000000008000190       0xd4 ./Core/Src/input_processing.o
                0x0000000008000190                getKeyInput
 .text.fsm_for_input_processing
                0x0000000008000264       0xf4 ./Core/Src/input_processing.o
                0x0000000008000264                fsm_for_input_processing
 .text.button_reading
                0x0000000008000358       0xd8 ./Core/Src/input_reading.o
                0x0000000008000358                button_reading
 .text.led_red_blink
                0x0000000008000430       0x20 ./Core/Src/led_display.o
                0x0000000008000430                led_red_blink
 .text.led_green_blink
                0x0000000008000450       0x20 ./Core/Src/led_display.o
                0x0000000008000450                led_green_blink
 .text.led_yellow_blink
                0x0000000008000470       0x20 ./Core/Src/led_display.o
                0x0000000008000470                led_yellow_blink
 .text.off_red_led
                0x0000000008000490       0x24 ./Core/Src/led_display.o
                0x0000000008000490                off_red_led
 .text.off_yellow_led
                0x00000000080004b4       0x24 ./Core/Src/led_display.o
                0x00000000080004b4                off_yellow_led
 .text.off_green_led
                0x00000000080004d8       0x24 ./Core/Src/led_display.o
                0x00000000080004d8                off_green_led
 .text.modify_red_duration
                0x00000000080004fc       0x14 ./Core/Src/led_display.o
                0x00000000080004fc                modify_red_duration
 .text.modify_yellow_duration
                0x0000000008000510       0x14 ./Core/Src/led_display.o
                0x0000000008000510                modify_yellow_duration
 .text.modify_green_duration
                0x0000000008000524       0x14 ./Core/Src/led_display.o
                0x0000000008000524                modify_green_duration
 .text.display1
                0x0000000008000538      0x320 ./Core/Src/led_display.o
                0x0000000008000538                display1
 .text.display2number
                0x0000000008000858      0x194 ./Core/Src/led_display.o
                0x0000000008000858                display2number
 .text.updatemode
                0x00000000080009ec       0x1c ./Core/Src/led_display.o
                0x00000000080009ec                updatemode
 .text.timeledlight
                0x0000000008000a08       0x20 ./Core/Src/led_display.o
                0x0000000008000a08                timeledlight
 .text.normalstate
                0x0000000008000a28      0x208 ./Core/Src/led_display.o
                0x0000000008000a28                normalstate
 .text.update_numbers
                0x0000000008000c30       0x28 ./Core/Src/led_display.o
                0x0000000008000c30                update_numbers
 .text.increment_duration
                0x0000000008000c58       0x44 ./Core/Src/led_display.o
                0x0000000008000c58                increment_duration
 .text.save_duration
                0x0000000008000c9c       0x32 ./Core/Src/led_display.o
                0x0000000008000c9c                save_duration
 *fill*         0x0000000008000cce        0x2 
 .text.but2_red
                0x0000000008000cd0       0x14 ./Core/Src/led_display.o
                0x0000000008000cd0                but2_red
 .text.but2_ye  0x0000000008000ce4       0x14 ./Core/Src/led_display.o
                0x0000000008000ce4                but2_ye
 .text.but2_gr  0x0000000008000cf8       0x14 ./Core/Src/led_display.o
                0x0000000008000cf8                but2_gr
 .text.but3_red
                0x0000000008000d0c       0x18 ./Core/Src/led_display.o
                0x0000000008000d0c                but3_red
 .text.but3_ye  0x0000000008000d24       0x18 ./Core/Src/led_display.o
                0x0000000008000d24                but3_ye
 .text.but3_gr  0x0000000008000d3c       0x18 ./Core/Src/led_display.o
                0x0000000008000d3c                but3_gr
 .text.HAL_TIM_PeriodElapsedCallback
                0x0000000008000d54       0x14 ./Core/Src/main.o
                0x0000000008000d54                HAL_TIM_PeriodElapsedCallback
 .text.main     0x0000000008000d68       0x64 ./Core/Src/main.o
                0x0000000008000d68                main
 .text.SystemClock_Config
                0x0000000008000dcc       0x76 ./Core/Src/main.o
                0x0000000008000dcc                SystemClock_Config
 *fill*         0x0000000008000e42        0x2 
 .text.MX_TIM2_Init
                0x0000000008000e44       0x98 ./Core/Src/main.o
 .text.MX_GPIO_Init
                0x0000000008000edc       0xc8 ./Core/Src/main.o
 .text.Error_Handler
                0x0000000008000fa4        0xa ./Core/Src/main.o
                0x0000000008000fa4                Error_Handler
 *fill*         0x0000000008000fae        0x2 
 .text.SCH_Init
                0x0000000008000fb0       0x18 ./Core/Src/scheduler.o
                0x0000000008000fb0                SCH_Init
 .text.SCH_Add_Task
                0x0000000008000fc8       0xc0 ./Core/Src/scheduler.o
                0x0000000008000fc8                SCH_Add_Task
 .text.SCH_Update
                0x0000000008001088       0xbc ./Core/Src/scheduler.o
                0x0000000008001088                SCH_Update
 .text.SCH_Delete_Task
                0x0000000008001144       0x6c ./Core/Src/scheduler.o
                0x0000000008001144                SCH_Delete_Task
 .text.SCH_Dispatch_Tasks
                0x00000000080011b0       0xac ./Core/Src/scheduler.o
                0x00000000080011b0                SCH_Dispatch_Tasks
 .text.HAL_MspInit
                0x000000000800125c       0x44 ./Core/Src/stm32f1xx_hal_msp.o
                0x000000000800125c                HAL_MspInit
 .text.HAL_TIM_Base_MspInit
                0x00000000080012a0       0x48 ./Core/Src/stm32f1xx_hal_msp.o
                0x00000000080012a0                HAL_TIM_Base_MspInit
 .text.NMI_Handler
                0x00000000080012e8        0x6 ./Core/Src/stm32f1xx_it.o
                0x00000000080012e8                NMI_Handler
 .text.HardFault_Handler
                0x00000000080012ee        0x6 ./Core/Src/stm32f1xx_it.o
                0x00000000080012ee                HardFault_Handler
 .text.MemManage_Handler
                0x00000000080012f4        0x6 ./Core/Src/stm32f1xx_it.o
                0x00000000080012f4                MemManage_Handler
 .text.BusFault_Handler
                0x00000000080012fa        0x6 ./Core/Src/stm32f1xx_it.o
                0x00000000080012fa                BusFault_Handler
 .text.UsageFault_Handler
                0x0000000008001300        0x6 ./Core/Src/stm32f1xx_it.o
                0x0000000008001300                UsageFault_Handler
 .text.SVC_Handler
                0x0000000008001306        0xc ./Core/Src/stm32f1xx_it.o
                0x0000000008001306                SVC_Handler
 .text.DebugMon_Handler
                0x0000000008001312        0xc ./Core/Src/stm32f1xx_it.o
                0x0000000008001312                DebugMon_Handler
 .text.PendSV_Handler
                0x000000000800131e        0xc ./Core/Src/stm32f1xx_it.o
                0x000000000800131e                PendSV_Handler
 .text.SysTick_Handler
                0x000000000800132a        0xc ./Core/Src/stm32f1xx_it.o
                0x000000000800132a                SysTick_Handler
 *fill*         0x0000000008001336        0x2 
 .text.TIM2_IRQHandler
                0x0000000008001338       0x14 ./Core/Src/stm32f1xx_it.o
                0x0000000008001338                TIM2_IRQHandler
 .text.SystemInit
                0x000000000800134c        0xc ./Core/Src/system_stm32f1xx.o
                0x000000000800134c                SystemInit
 .text.Reset_Handler
                0x0000000008001358       0x48 ./Core/Startup/startup_stm32f103c6tx.o
                0x0000000008001358                Reset_Handler
 .text.Default_Handler
                0x00000000080013a0        0x2 ./Core/Startup/startup_stm32f103c6tx.o
                0x00000000080013a0                RTC_Alarm_IRQHandler
                0x00000000080013a0                EXTI2_IRQHandler
                0x00000000080013a0                TIM1_CC_IRQHandler
                0x00000000080013a0                PVD_IRQHandler
                0x00000000080013a0                EXTI3_IRQHandler
                0x00000000080013a0                EXTI0_IRQHandler
                0x00000000080013a0                ADC1_2_IRQHandler
                0x00000000080013a0                SPI1_IRQHandler
                0x00000000080013a0                TAMPER_IRQHandler
                0x00000000080013a0                DMA1_Channel4_IRQHandler
                0x00000000080013a0                RTC_IRQHandler
                0x00000000080013a0                DMA1_Channel7_IRQHandler
                0x00000000080013a0                CAN1_RX1_IRQHandler
                0x00000000080013a0                I2C1_EV_IRQHandler
                0x00000000080013a0                DMA1_Channel6_IRQHandler
                0x00000000080013a0                TIM3_IRQHandler
                0x00000000080013a0                RCC_IRQHandler
                0x00000000080013a0                TIM1_TRG_COM_IRQHandler
                0x00000000080013a0                DMA1_Channel1_IRQHandler
                0x00000000080013a0                Default_Handler
                0x00000000080013a0                EXTI15_10_IRQHandler
                0x00000000080013a0                EXTI9_5_IRQHandler
                0x00000000080013a0                DMA1_Channel5_IRQHandler
                0x00000000080013a0                EXTI4_IRQHandler
                0x00000000080013a0                USB_LP_CAN1_RX0_IRQHandler
                0x00000000080013a0                USB_HP_CAN1_TX_IRQHandler
                0x00000000080013a0                DMA1_Channel3_IRQHandler
                0x00000000080013a0                TIM1_UP_IRQHandler
                0x00000000080013a0                WWDG_IRQHandler
                0x00000000080013a0                TIM1_BRK_IRQHandler
                0x00000000080013a0                EXTI1_IRQHandler
                0x00000000080013a0                USART2_IRQHandler
                0x00000000080013a0                DMA1_Channel2_IRQHandler
                0x00000000080013a0                CAN1_SCE_IRQHandler
                0x00000000080013a0                FLASH_IRQHandler
                0x00000000080013a0                USART1_IRQHandler
                0x00000000080013a0                I2C1_ER_IRQHandler
                0x00000000080013a0                USBWakeUp_IRQHandler
 *fill*         0x00000000080013a2        0x2 
 .text.HAL_Init
                0x00000000080013a4       0x2c ./Drivers/STM32F1xx_HAL_Driver/Src/stm32f1xx_hal.o
                0x00000000080013a4                HAL_Init
 .text.HAL_InitTick
                0x00000000080013d0       0x60 ./Drivers/STM32F1xx_HAL_Driver/Src/stm32f1xx_hal.o
                0x00000000080013d0                HAL_InitTick
 .text.HAL_IncTick
                0x0000000008001430       0x24 ./Drivers/STM32F1xx_HAL_Driver/Src/stm32f1xx_hal.o
                0x0000000008001430                HAL_IncTick
 .text.HAL_GetTick
                0x0000000008001454       0x14 ./Drivers/STM32F1xx_HAL_Driver/Src/stm32f1xx_hal.o
                0x0000000008001454                HAL_GetTick
 .text.__NVIC_SetPriorityGrouping
                0x0000000008001468       0x48 ./Drivers/STM32F1xx_HAL_Driver/Src/stm32f1xx_hal_cortex.o
 .text.__NVIC_GetPriorityGrouping
                0x00000000080014b0       0x1c ./Drivers/STM32F1xx_HAL_Driver/Src/stm32f1xx_hal_cortex.o
 .text.__NVIC_EnableIRQ
                0x00000000080014cc       0x38 ./Drivers/STM32F1xx_HAL_Driver/Src/stm32f1xx_hal_cortex.o
 .text.__NVIC_SetPriority
                0x0000000008001504       0x54 ./Drivers/STM32F1xx_HAL_Driver/Src/stm32f1xx_hal_cortex.o
 .text.NVIC_EncodePriority
                0x0000000008001558       0x64 ./Drivers/STM32F1xx_HAL_Driver/Src/stm32f1xx_hal_cortex.o
 .text.SysTick_Config
                0x00000000080015bc       0x44 ./Drivers/STM32F1xx_HAL_Driver/Src/stm32f1xx_hal_cortex.o
 .text.HAL_NVIC_SetPriorityGrouping
                0x0000000008001600       0x16 ./Drivers/STM32F1xx_HAL_Driver/Src/stm32f1xx_hal_cortex.o
                0x0000000008001600                HAL_NVIC_SetPriorityGrouping
 .text.HAL_NVIC_SetPriority
                0x0000000008001616       0x38 ./Drivers/STM32F1xx_HAL_Driver/Src/stm32f1xx_hal_cortex.o
                0x0000000008001616                HAL_NVIC_SetPriority
 .text.HAL_NVIC_EnableIRQ
                0x000000000800164e       0x1c ./Drivers/STM32F1xx_HAL_Driver/Src/stm32f1xx_hal_cortex.o
                0x000000000800164e                HAL_NVIC_EnableIRQ
 .text.HAL_SYSTICK_Config
                0x000000000800166a       0x18 ./Drivers/STM32F1xx_HAL_Driver/Src/stm32f1xx_hal_cortex.o
                0x000000000800166a                HAL_SYSTICK_Config
 *fill*         0x0000000008001682        0x2 
 .text.HAL_GPIO_Init
                0x0000000008001684      0x2f8 ./Drivers/STM32F1xx_HAL_Driver/Src/stm32f1xx_hal_gpio.o
                0x0000000008001684                HAL_GPIO_Init
 .text.HAL_GPIO_ReadPin
                0x000000000800197c       0x2e ./Drivers/STM32F1xx_HAL_Driver/Src/stm32f1xx_hal_gpio.o
                0x000000000800197c                HAL_GPIO_ReadPin
 .text.HAL_GPIO_WritePin
                0x00000000080019aa       0x30 ./Drivers/STM32F1xx_HAL_Driver/Src/stm32f1xx_hal_gpio.o
                0x00000000080019aa                HAL_GPIO_WritePin
 .text.HAL_GPIO_TogglePin
                0x00000000080019da       0x32 ./Drivers/STM32F1xx_HAL_Driver/Src/stm32f1xx_hal_gpio.o
                0x00000000080019da                HAL_GPIO_TogglePin
 .text.HAL_RCC_OscConfig
                0x0000000008001a0c      0x504 ./Drivers/STM32F1xx_HAL_Driver/Src/stm32f1xx_hal_rcc.o
                0x0000000008001a0c                HAL_RCC_OscConfig
 .text.HAL_RCC_ClockConfig
                0x0000000008001f10      0x1d4 ./Drivers/STM32F1xx_HAL_Driver/Src/stm32f1xx_hal_rcc.o
                0x0000000008001f10                HAL_RCC_ClockConfig
 .text.HAL_RCC_GetSysClockFreq
                0x00000000080020e4       0xa8 ./Drivers/STM32F1xx_HAL_Driver/Src/stm32f1xx_hal_rcc.o
                0x00000000080020e4                HAL_RCC_GetSysClockFreq
 .text.RCC_Delay
                0x000000000800218c       0x3c ./Drivers/STM32F1xx_HAL_Driver/Src/stm32f1xx_hal_rcc.o
 .text.HAL_TIM_Base_Init
                0x00000000080021c8       0x9e ./Drivers/STM32F1xx_HAL_Driver/Src/stm32f1xx_hal_tim.o
                0x00000000080021c8                HAL_TIM_Base_Init
 *fill*         0x0000000008002266        0x2 
 .text.HAL_TIM_Base_Start_IT
                0x0000000008002268       0x98 ./Drivers/STM32F1xx_HAL_Driver/Src/stm32f1xx_hal_tim.o
                0x0000000008002268                HAL_TIM_Base_Start_IT
 .text.HAL_TIM_IRQHandler
                0x0000000008002300      0x1e0 ./Drivers/STM32F1xx_HAL_Driver/Src/stm32f1xx_hal_tim.o
                0x0000000008002300                HAL_TIM_IRQHandler
 .text.HAL_TIM_ConfigClockSource
                0x00000000080024e0      0x18e ./Drivers/STM32F1xx_HAL_Driver/Src/stm32f1xx_hal_tim.o
                0x00000000080024e0                HAL_TIM_ConfigClockSource
 .text.HAL_TIM_OC_DelayElapsedCallback
                0x000000000800266e       0x12 ./Drivers/STM32F1xx_HAL_Driver/Src/stm32f1xx_hal_tim.o
                0x000000000800266e                HAL_TIM_OC_DelayElapsedCallback
 .text.HAL_TIM_IC_CaptureCallback
                0x0000000008002680       0x12 ./Drivers/STM32F1xx_HAL_Driver/Src/stm32f1xx_hal_tim.o
                0x0000000008002680                HAL_TIM_IC_CaptureCallback
 .text.HAL_TIM_PWM_PulseFinishedCallback
                0x0000000008002692       0x12 ./Drivers/STM32F1xx_HAL_Driver/Src/stm32f1xx_hal_tim.o
                0x0000000008002692                HAL_TIM_PWM_PulseFinishedCallback
 .text.HAL_TIM_TriggerCallback
                0x00000000080026a4       0x12 ./Drivers/STM32F1xx_HAL_Driver/Src/stm32f1xx_hal_tim.o
                0x00000000080026a4                HAL_TIM_TriggerCallback
 *fill*         0x00000000080026b6        0x2 
 .text.TIM_Base_SetConfig
                0x00000000080026b8       0xc8 ./Drivers/STM32F1xx_HAL_Driver/Src/stm32f1xx_hal_tim.o
                0x00000000080026b8                TIM_Base_SetConfig
 .text.TIM_TI1_ConfigInputStage
                0x0000000008002780       0x5c ./Drivers/STM32F1xx_HAL_Driver/Src/stm32f1xx_hal_tim.o
 .text.TIM_TI2_ConfigInputStage
                0x00000000080027dc       0x5e ./Drivers/STM32F1xx_HAL_Driver/Src/stm32f1xx_hal_tim.o
 .text.TIM_ITRx_SetConfig
                0x000000000800283a       0x34 ./Drivers/STM32F1xx_HAL_Driver/Src/stm32f1xx_hal_tim.o
 .text.TIM_ETR_SetConfig
                0x000000000800286e       0x3e ./Drivers/STM32F1xx_HAL_Driver/Src/stm32f1xx_hal_tim.o
                0x000000000800286e                TIM_ETR_SetConfig
 .text.HAL_TIMEx_MasterConfigSynchronization
                0x00000000080028ac       0xb0 ./Drivers/STM32F1xx_HAL_Driver/Src/stm32f1xx_hal_tim_ex.o
                0x00000000080028ac                HAL_TIMEx_MasterConfigSynchronization
 .text.HAL_TIMEx_CommutCallback
                0x000000000800295c       0x12 ./Drivers/STM32F1xx_HAL_Driver/Src/stm32f1xx_hal_tim_ex.o
                0x000000000800295c                HAL_TIMEx_CommutCallback
 .text.HAL_TIMEx_BreakCallback
                0x000000000800296e       0x12 ./Drivers/STM32F1xx_HAL_Driver/Src/stm32f1xx_hal_tim_ex.o
                0x000000000800296e                HAL_TIMEx_BreakCallback
 .text.__libc_init_array
                0x0000000008002980       0x48 d:/bkra/keil c test/stm32cubeide_1.10.1/stm32cubeide/plugins/com.st.stm32cube.ide.mcu.externaltools.gnu-tools-for-stm32.10.3-2021.10.win32_1.0.0.202111181127/tools/bin/../lib/gcc/arm-none-eabi/10.3.1/../../../../arm-none-eabi/lib/thumb/v7-m/nofp\libc_nano.a(lib_a-init.o)
                0x0000000008002980                __libc_init_array
 .text.memset   0x00000000080029c8       0x10 d:/bkra/keil c test/stm32cubeide_1.10.1/stm32cubeide/plugins/com.st.stm32cube.ide.mcu.externaltools.gnu-tools-for-stm32.10.3-2021.10.win32_1.0.0.202111181127/tools/bin/../lib/gcc/arm-none-eabi/10.3.1/../../../../arm-none-eabi/lib/thumb/v7-m/nofp\libc_nano.a(lib_a-memset.o)
                0x00000000080029c8                memset
 *(.glue_7)
 .glue_7        0x00000000080029d8        0x0 linker stubs
 *(.glue_7t)
 .glue_7t       0x00000000080029d8        0x0 linker stubs
 *(.eh_frame)
 .eh_frame      0x00000000080029d8        0x0 d:/bkra/keil c test/stm32cubeide_1.10.1/stm32cubeide/plugins/com.st.stm32cube.ide.mcu.externaltools.gnu-tools-for-stm32.10.3-2021.10.win32_1.0.0.202111181127/tools/bin/../lib/gcc/arm-none-eabi/10.3.1/thumb/v7-m/nofp/crtbegin.o
 *(.init)
 .init          0x00000000080029d8        0x4 d:/bkra/keil c test/stm32cubeide_1.10.1/stm32cubeide/plugins/com.st.stm32cube.ide.mcu.externaltools.gnu-tools-for-stm32.10.3-2021.10.win32_1.0.0.202111181127/tools/bin/../lib/gcc/arm-none-eabi/10.3.1/thumb/v7-m/nofp/crti.o
                0x00000000080029d8                _init
 .init          0x00000000080029dc        0x8 d:/bkra/keil c test/stm32cubeide_1.10.1/stm32cubeide/plugins/com.st.stm32cube.ide.mcu.externaltools.gnu-tools-for-stm32.10.3-2021.10.win32_1.0.0.202111181127/tools/bin/../lib/gcc/arm-none-eabi/10.3.1/thumb/v7-m/nofp/crtn.o
 *(.fini)
 .fini          0x00000000080029e4        0x4 d:/bkra/keil c test/stm32cubeide_1.10.1/stm32cubeide/plugins/com.st.stm32cube.ide.mcu.externaltools.gnu-tools-for-stm32.10.3-2021.10.win32_1.0.0.202111181127/tools/bin/../lib/gcc/arm-none-eabi/10.3.1/thumb/v7-m/nofp/crti.o
                0x00000000080029e4                _fini
 .fini          0x00000000080029e8        0x8 d:/bkra/keil c test/stm32cubeide_1.10.1/stm32cubeide/plugins/com.st.stm32cube.ide.mcu.externaltools.gnu-tools-for-stm32.10.3-2021.10.win32_1.0.0.202111181127/tools/bin/../lib/gcc/arm-none-eabi/10.3.1/thumb/v7-m/nofp/crtn.o
                0x00000000080029f0                . = ALIGN (0x4)
                0x00000000080029f0                _etext = .

.vfp11_veneer   0x00000000080029f0        0x0
 .vfp11_veneer  0x00000000080029f0        0x0 linker stubs

.v4_bx          0x00000000080029f0        0x0
 .v4_bx         0x00000000080029f0        0x0 linker stubs

.iplt           0x00000000080029f0        0x0
 .iplt          0x00000000080029f0        0x0 d:/bkra/keil c test/stm32cubeide_1.10.1/stm32cubeide/plugins/com.st.stm32cube.ide.mcu.externaltools.gnu-tools-for-stm32.10.3-2021.10.win32_1.0.0.202111181127/tools/bin/../lib/gcc/arm-none-eabi/10.3.1/thumb/v7-m/nofp/crtbegin.o

.rodata         0x00000000080029f0       0x2c
                0x00000000080029f0                . = ALIGN (0x4)
 *(.rodata)
 .rodata        0x00000000080029f0        0x8 ./Core/Src/input_reading.o
 *(.rodata*)
 .rodata.AHBPrescTable
                0x00000000080029f8       0x10 ./Core/Src/system_stm32f1xx.o
                0x00000000080029f8                AHBPrescTable
 .rodata.aPLLMULFactorTable.1
                0x0000000008002a08       0x10 ./Drivers/STM32F1xx_HAL_Driver/Src/stm32f1xx_hal_rcc.o
 .rodata.aPredivFactorTable.0
                0x0000000008002a18        0x2 ./Drivers/STM32F1xx_HAL_Driver/Src/stm32f1xx_hal_rcc.o
                0x0000000008002a1c                . = ALIGN (0x4)
 *fill*         0x0000000008002a1a        0x2 

.rel.dyn        0x0000000008002a1c        0x0
 .rel.iplt      0x0000000008002a1c        0x0 d:/bkra/keil c test/stm32cubeide_1.10.1/stm32cubeide/plugins/com.st.stm32cube.ide.mcu.externaltools.gnu-tools-for-stm32.10.3-2021.10.win32_1.0.0.202111181127/tools/bin/../lib/gcc/arm-none-eabi/10.3.1/thumb/v7-m/nofp/crtbegin.o

.ARM.extab      0x0000000008002a1c        0x0
                0x0000000008002a1c                . = ALIGN (0x4)
 *(.ARM.extab* .gnu.linkonce.armextab.*)
                0x0000000008002a1c                . = ALIGN (0x4)

.ARM            0x0000000008002a1c        0x0
                0x0000000008002a1c                . = ALIGN (0x4)
                0x0000000008002a1c                __exidx_start = .
 *(.ARM.exidx*)
                0x0000000008002a1c                __exidx_end = .
                0x0000000008002a1c                . = ALIGN (0x4)

.preinit_array  0x0000000008002a1c        0x0
                0x0000000008002a1c                . = ALIGN (0x4)
                0x0000000008002a1c                PROVIDE (__preinit_array_start = .)
 *(.preinit_array*)
                0x0000000008002a1c                PROVIDE (__preinit_array_end = .)
                0x0000000008002a1c                . = ALIGN (0x4)

.init_array     0x0000000008002a1c        0x4
                0x0000000008002a1c                . = ALIGN (0x4)
                0x0000000008002a1c                PROVIDE (__init_array_start = .)
 *(SORT_BY_NAME(.init_array.*))
 *(.init_array*)
 .init_array    0x0000000008002a1c        0x4 d:/bkra/keil c test/stm32cubeide_1.10.1/stm32cubeide/plugins/com.st.stm32cube.ide.mcu.externaltools.gnu-tools-for-stm32.10.3-2021.10.win32_1.0.0.202111181127/tools/bin/../lib/gcc/arm-none-eabi/10.3.1/thumb/v7-m/nofp/crtbegin.o
                0x0000000008002a20                PROVIDE (__init_array_end = .)
                0x0000000008002a20                . = ALIGN (0x4)

.fini_array     0x0000000008002a20        0x4
                0x0000000008002a20                . = ALIGN (0x4)
                [!provide]                        PROVIDE (__fini_array_start = .)
 *(SORT_BY_NAME(.fini_array.*))
 *(.fini_array*)
 .fini_array    0x0000000008002a20        0x4 d:/bkra/keil c test/stm32cubeide_1.10.1/stm32cubeide/plugins/com.st.stm32cube.ide.mcu.externaltools.gnu-tools-for-stm32.10.3-2021.10.win32_1.0.0.202111181127/tools/bin/../lib/gcc/arm-none-eabi/10.3.1/thumb/v7-m/nofp/crtbegin.o
                [!provide]                        PROVIDE (__fini_array_end = .)
                0x0000000008002a24                . = ALIGN (0x4)
                0x0000000008002a24                _sidata = LOADADDR (.data)

.data           0x0000000020000000       0x38 load address 0x0000000008002a24
                0x0000000020000000                . = ALIGN (0x4)
                0x0000000020000000                _sdata = .
 *(.data)
 *(.data*)
 .data.modemode
                0x0000000020000000        0x1 ./Core/Src/input_processing.o
                0x0000000020000000                modemode
 *fill*         0x0000000020000001        0x3 
 .data.mode     0x0000000020000004        0x4 ./Core/Src/led_display.o
                0x0000000020000004                mode
 .data.cntred   0x0000000020000008        0x4 ./Core/Src/led_display.o
                0x0000000020000008                cntred
 .data.cntye    0x000000002000000c        0x4 ./Core/Src/led_display.o
                0x000000002000000c                cntye
 .data.cntgr    0x0000000020000010        0x4 ./Core/Src/led_display.o
                0x0000000020000010                cntgr
 .data.cntred2  0x0000000020000014        0x4 ./Core/Src/led_display.o
                0x0000000020000014                cntred2
 .data.cntye2   0x0000000020000018        0x4 ./Core/Src/led_display.o
                0x0000000020000018                cntye2
 .data.cntgr2   0x000000002000001c        0x4 ./Core/Src/led_display.o
                0x000000002000001c                cntgr2
 .data.red_duration
                0x0000000020000020        0x4 ./Core/Src/led_display.o
                0x0000000020000020                red_duration
 .data.yellow_duration
                0x0000000020000024        0x4 ./Core/Src/led_display.o
                0x0000000020000024                yellow_duration
 .data.green_duration
                0x0000000020000028        0x4 ./Core/Src/led_display.o
                0x0000000020000028                green_duration
 .data.SystemCoreClock
                0x000000002000002c        0x4 ./Core/Src/system_stm32f1xx.o
                0x000000002000002c                SystemCoreClock
 .data.uwTickPrio
                0x0000000020000030        0x4 ./Drivers/STM32F1xx_HAL_Driver/Src/stm32f1xx_hal.o
                0x0000000020000030                uwTickPrio
 .data.uwTickFreq
                0x0000000020000034        0x1 ./Drivers/STM32F1xx_HAL_Driver/Src/stm32f1xx_hal.o
                0x0000000020000034                uwTickFreq
 *(.RamFunc)
 *(.RamFunc*)
                0x0000000020000038                . = ALIGN (0x4)
 *fill*         0x0000000020000035        0x3 
                0x0000000020000038                _edata = .

.igot.plt       0x0000000020000038        0x0 load address 0x0000000008002a5c
 .igot.plt      0x0000000020000038        0x0 d:/bkra/keil c test/stm32cubeide_1.10.1/stm32cubeide/plugins/com.st.stm32cube.ide.mcu.externaltools.gnu-tools-for-stm32.10.3-2021.10.win32_1.0.0.202111181127/tools/bin/../lib/gcc/arm-none-eabi/10.3.1/thumb/v7-m/nofp/crtbegin.o
                0x0000000020000038                . = ALIGN (0x4)

.bss            0x0000000020000038      0x3c8 load address 0x0000000008002a5c
                0x0000000020000038                _sbss = .
                0x0000000020000038                __bss_start__ = _sbss
 *(.bss)
 .bss           0x0000000020000038       0x1c d:/bkra/keil c test/stm32cubeide_1.10.1/stm32cubeide/plugins/com.st.stm32cube.ide.mcu.externaltools.gnu-tools-for-stm32.10.3-2021.10.win32_1.0.0.202111181127/tools/bin/../lib/gcc/arm-none-eabi/10.3.1/thumb/v7-m/nofp/crtbegin.o
 *(.bss*)
 .bss.button1_flag
                0x0000000020000054        0x1 ./Core/Src/input_processing.o
                0x0000000020000054                button1_flag
 .bss.button2_flag
                0x0000000020000055        0x1 ./Core/Src/input_processing.o
                0x0000000020000055                button2_flag
 .bss.button3_flag
                0x0000000020000056        0x1 ./Core/Src/input_processing.o
                0x0000000020000056                button3_flag
 .bss.button4_flag
                0x0000000020000057        0x1 ./Core/Src/input_processing.o
                0x0000000020000057                button4_flag
 .bss.prev_button_states.0
                0x0000000020000058        0x4 ./Core/Src/input_processing.o
 .bss.buttonBuffer
                0x000000002000005c        0x4 ./Core/Src/input_reading.o
 .bss.debounceButtonBuffer1
                0x0000000020000060        0x4 ./Core/Src/input_reading.o
 .bss.debounceButtonBuffer2
                0x0000000020000064        0x4 ./Core/Src/input_reading.o
 .bss.flagForButtonPress1s
                0x0000000020000068        0x4 ./Core/Src/input_reading.o
 .bss.counterForButtonPress1s
                0x000000002000006c        0x8 ./Core/Src/input_reading.o
 .bss.digit_index
                0x0000000020000074        0x4 ./Core/Src/led_display.o
                0x0000000020000074                digit_index
 .bss.digit1    0x0000000020000078        0x1 ./Core/Src/led_display.o
                0x0000000020000078                digit1
 .bss.digit2    0x0000000020000079        0x1 ./Core/Src/led_display.o
                0x0000000020000079                digit2
 .bss.digit3    0x000000002000007a        0x1 ./Core/Src/led_display.o
                0x000000002000007a                digit3
 .bss.digit4    0x000000002000007b        0x1 ./Core/Src/led_display.o
                0x000000002000007b                digit4
 .bss.num11     0x000000002000007c        0x4 ./Core/Src/led_display.o
                0x000000002000007c                num11
 .bss.num22     0x0000000020000080        0x4 ./Core/Src/led_display.o
                0x0000000020000080                num22
 .bss.new_red_duration
                0x0000000020000084        0x4 ./Core/Src/led_display.o
                0x0000000020000084                new_red_duration
 .bss.new_yellow_duration
                0x0000000020000088        0x4 ./Core/Src/led_display.o
                0x0000000020000088                new_yellow_duration
 .bss.new_green_duration
                0x000000002000008c        0x4 ./Core/Src/led_display.o
                0x000000002000008c                new_green_duration
 .bss.htim2     0x0000000020000090       0x48 ./Core/Src/main.o
                0x0000000020000090                htim2
 .bss.SCH_tasks_G
                0x00000000200000d8      0x320 ./Core/Src/scheduler.o
                0x00000000200000d8                SCH_tasks_G
 .bss.current_index_task
                0x00000000200003f8        0x1 ./Core/Src/scheduler.o
                0x00000000200003f8                current_index_task
 *fill*         0x00000000200003f9        0x3 
 .bss.uwTick    0x00000000200003fc        0x4 ./Drivers/STM32F1xx_HAL_Driver/Src/stm32f1xx_hal.o
                0x00000000200003fc                uwTick
 *(COMMON)
                0x0000000020000400                . = ALIGN (0x4)
                0x0000000020000400                _ebss = .
                0x0000000020000400                __bss_end__ = _ebss

._user_heap_stack
                0x0000000020000400      0x600 load address 0x0000000008002a5c
                0x0000000020000400                . = ALIGN (0x8)
                [!provide]                        PROVIDE (end = .)
                0x0000000020000400                PROVIDE (_end = .)
                0x0000000020000600                . = (. + _Min_Heap_Size)
 *fill*         0x0000000020000400      0x200 
                0x0000000020000a00                . = (. + _Min_Stack_Size)
 *fill*         0x0000000020000600      0x400 
                0x0000000020000a00                . = ALIGN (0x8)

/DISCARD/
 libc.a(*)
 libm.a(*)
 libgcc.a(*)

.ARM.attributes
                0x0000000000000000       0x29
 *(.ARM.attributes)
 .ARM.attributes
                0x0000000000000000       0x1d d:/bkra/keil c test/stm32cubeide_1.10.1/stm32cubeide/plugins/com.st.stm32cube.ide.mcu.externaltools.gnu-tools-for-stm32.10.3-2021.10.win32_1.0.0.202111181127/tools/bin/../lib/gcc/arm-none-eabi/10.3.1/thumb/v7-m/nofp/crti.o
 .ARM.attributes
                0x000000000000001d       0x2d d:/bkra/keil c test/stm32cubeide_1.10.1/stm32cubeide/plugins/com.st.stm32cube.ide.mcu.externaltools.gnu-tools-for-stm32.10.3-2021.10.win32_1.0.0.202111181127/tools/bin/../lib/gcc/arm-none-eabi/10.3.1/thumb/v7-m/nofp/crtbegin.o
 .ARM.attributes
                0x000000000000004a       0x2d ./Core/Src/input_processing.o
 .ARM.attributes
                0x0000000000000077       0x2d ./Core/Src/input_reading.o
 .ARM.attributes
                0x00000000000000a4       0x2d ./Core/Src/led_display.o
 .ARM.attributes
                0x00000000000000d1       0x2d ./Core/Src/main.o
 .ARM.attributes
                0x00000000000000fe       0x2d ./Core/Src/scheduler.o
 .ARM.attributes
                0x000000000000012b       0x2d ./Core/Src/stm32f1xx_hal_msp.o
 .ARM.attributes
                0x0000000000000158       0x2d ./Core/Src/stm32f1xx_it.o
 .ARM.attributes
                0x0000000000000185       0x2d ./Core/Src/system_stm32f1xx.o
 .ARM.attributes
                0x00000000000001b2       0x21 ./Core/Startup/startup_stm32f103c6tx.o
 .ARM.attributes
                0x00000000000001d3       0x2d ./Drivers/STM32F1xx_HAL_Driver/Src/stm32f1xx_hal.o
 .ARM.attributes
                0x0000000000000200       0x2d ./Drivers/STM32F1xx_HAL_Driver/Src/stm32f1xx_hal_cortex.o
 .ARM.attributes
                0x000000000000022d       0x2d ./Drivers/STM32F1xx_HAL_Driver/Src/stm32f1xx_hal_gpio.o
 .ARM.attributes
                0x000000000000025a       0x2d ./Drivers/STM32F1xx_HAL_Driver/Src/stm32f1xx_hal_rcc.o
 .ARM.attributes
                0x0000000000000287       0x2d ./Drivers/STM32F1xx_HAL_Driver/Src/stm32f1xx_hal_tim.o
 .ARM.attributes
                0x00000000000002b4       0x2d ./Drivers/STM32F1xx_HAL_Driver/Src/stm32f1xx_hal_tim_ex.o
 .ARM.attributes
                0x00000000000002e1       0x2d d:/bkra/keil c test/stm32cubeide_1.10.1/stm32cubeide/plugins/com.st.stm32cube.ide.mcu.externaltools.gnu-tools-for-stm32.10.3-2021.10.win32_1.0.0.202111181127/tools/bin/../lib/gcc/arm-none-eabi/10.3.1/../../../../arm-none-eabi/lib/thumb/v7-m/nofp\libc_nano.a(lib_a-init.o)
 .ARM.attributes
                0x000000000000030e       0x2d d:/bkra/keil c test/stm32cubeide_1.10.1/stm32cubeide/plugins/com.st.stm32cube.ide.mcu.externaltools.gnu-tools-for-stm32.10.3-2021.10.win32_1.0.0.202111181127/tools/bin/../lib/gcc/arm-none-eabi/10.3.1/../../../../arm-none-eabi/lib/thumb/v7-m/nofp\libc_nano.a(lib_a-memset.o)
 .ARM.attributes
                0x000000000000033b       0x1d d:/bkra/keil c test/stm32cubeide_1.10.1/stm32cubeide/plugins/com.st.stm32cube.ide.mcu.externaltools.gnu-tools-for-stm32.10.3-2021.10.win32_1.0.0.202111181127/tools/bin/../lib/gcc/arm-none-eabi/10.3.1/thumb/v7-m/nofp/crtn.o
OUTPUT(LAB4.elf elf32-littlearm)
LOAD linker stubs
LOAD d:/bkra/keil c test/stm32cubeide_1.10.1/stm32cubeide/plugins/com.st.stm32cube.ide.mcu.externaltools.gnu-tools-for-stm32.10.3-2021.10.win32_1.0.0.202111181127/tools/bin/../lib/gcc/arm-none-eabi/10.3.1/../../../../arm-none-eabi/lib/thumb/v7-m/nofp\libc.a
LOAD d:/bkra/keil c test/stm32cubeide_1.10.1/stm32cubeide/plugins/com.st.stm32cube.ide.mcu.externaltools.gnu-tools-for-stm32.10.3-2021.10.win32_1.0.0.202111181127/tools/bin/../lib/gcc/arm-none-eabi/10.3.1/../../../../arm-none-eabi/lib/thumb/v7-m/nofp\libm.a
LOAD d:/bkra/keil c test/stm32cubeide_1.10.1/stm32cubeide/plugins/com.st.stm32cube.ide.mcu.externaltools.gnu-tools-for-stm32.10.3-2021.10.win32_1.0.0.202111181127/tools/bin/../lib/gcc/arm-none-eabi/10.3.1/thumb/v7-m/nofp\libgcc.a

.debug_info     0x0000000000000000     0x8e54
 .debug_info    0x0000000000000000      0x306 ./Core/Src/input_processing.o
 .debug_info    0x0000000000000306      0x29d ./Core/Src/input_reading.o
 .debug_info    0x00000000000005a3      0x5ee ./Core/Src/led_display.o
 .debug_info    0x0000000000000b91      0xc56 ./Core/Src/main.o
 .debug_info    0x00000000000017e7      0x21f ./Core/Src/scheduler.o
 .debug_info    0x0000000000001a06      0x8dc ./Core/Src/stm32f1xx_hal_msp.o
 .debug_info    0x00000000000022e2      0x6ef ./Core/Src/stm32f1xx_it.o
 .debug_info    0x00000000000029d1      0x23d ./Core/Src/system_stm32f1xx.o
 .debug_info    0x0000000000002c0e       0x22 ./Core/Startup/startup_stm32f103c6tx.o
 .debug_info    0x0000000000002c30      0x716 ./Drivers/STM32F1xx_HAL_Driver/Src/stm32f1xx_hal.o
 .debug_info    0x0000000000003346      0xb02 ./Drivers/STM32F1xx_HAL_Driver/Src/stm32f1xx_hal_cortex.o
 .debug_info    0x0000000000003e48      0x615 ./Drivers/STM32F1xx_HAL_Driver/Src/stm32f1xx_hal_gpio.o
 .debug_info    0x000000000000445d      0x865 ./Drivers/STM32F1xx_HAL_Driver/Src/stm32f1xx_hal_rcc.o
 .debug_info    0x0000000000004cc2     0x2bcb ./Drivers/STM32F1xx_HAL_Driver/Src/stm32f1xx_hal_tim.o
 .debug_info    0x000000000000788d     0x15c7 ./Drivers/STM32F1xx_HAL_Driver/Src/stm32f1xx_hal_tim_ex.o

.debug_abbrev   0x0000000000000000     0x1b15
 .debug_abbrev  0x0000000000000000      0x179 ./Core/Src/input_processing.o
 .debug_abbrev  0x0000000000000179      0x14c ./Core/Src/input_reading.o
 .debug_abbrev  0x00000000000002c5      0x1df ./Core/Src/led_display.o
 .debug_abbrev  0x00000000000004a4      0x2aa ./Core/Src/main.o
 .debug_abbrev  0x000000000000074e      0x13c ./Core/Src/scheduler.o
 .debug_abbrev  0x000000000000088a      0x19f ./Core/Src/stm32f1xx_hal_msp.o
 .debug_abbrev  0x0000000000000a29      0x184 ./Core/Src/stm32f1xx_it.o
 .debug_abbrev  0x0000000000000bad      0x13b ./Core/Src/system_stm32f1xx.o
 .debug_abbrev  0x0000000000000ce8       0x12 ./Core/Startup/startup_stm32f103c6tx.o
 .debug_abbrev  0x0000000000000cfa      0x1fb ./Drivers/STM32F1xx_HAL_Driver/Src/stm32f1xx_hal.o
 .debug_abbrev  0x0000000000000ef5      0x2ed ./Drivers/STM32F1xx_HAL_Driver/Src/stm32f1xx_hal_cortex.o
 .debug_abbrev  0x00000000000011e2      0x1bb ./Drivers/STM32F1xx_HAL_Driver/Src/stm32f1xx_hal_gpio.o
 .debug_abbrev  0x000000000000139d      0x2a8 ./Drivers/STM32F1xx_HAL_Driver/Src/stm32f1xx_hal_rcc.o
 .debug_abbrev  0x0000000000001645      0x264 ./Drivers/STM32F1xx_HAL_Driver/Src/stm32f1xx_hal_tim.o
 .debug_abbrev  0x00000000000018a9      0x26c ./Drivers/STM32F1xx_HAL_Driver/Src/stm32f1xx_hal_tim_ex.o

.debug_aranges  0x0000000000000000      0xab8
 .debug_aranges
                0x0000000000000000       0x30 ./Core/Src/input_processing.o
 .debug_aranges
                0x0000000000000030       0x30 ./Core/Src/input_reading.o
 .debug_aranges
                0x0000000000000060       0xe0 ./Core/Src/led_display.o
 .debug_aranges
                0x0000000000000140       0x50 ./Core/Src/main.o
 .debug_aranges
                0x0000000000000190       0x40 ./Core/Src/scheduler.o
 .debug_aranges
                0x00000000000001d0       0x30 ./Core/Src/stm32f1xx_hal_msp.o
 .debug_aranges
                0x0000000000000200       0x68 ./Core/Src/stm32f1xx_it.o
 .debug_aranges
                0x0000000000000268       0x28 ./Core/Src/system_stm32f1xx.o
 .debug_aranges
                0x0000000000000290       0x28 ./Core/Startup/startup_stm32f103c6tx.o
 .debug_aranges
                0x00000000000002b8       0xe0 ./Drivers/STM32F1xx_HAL_Driver/Src/stm32f1xx_hal.o
 .debug_aranges
                0x0000000000000398      0x100 ./Drivers/STM32F1xx_HAL_Driver/Src/stm32f1xx_hal_cortex.o
 .debug_aranges
                0x0000000000000498       0x58 ./Drivers/STM32F1xx_HAL_Driver/Src/stm32f1xx_hal_gpio.o
 .debug_aranges
                0x00000000000004f0       0x90 ./Drivers/STM32F1xx_HAL_Driver/Src/stm32f1xx_hal_rcc.o
 .debug_aranges
                0x0000000000000580      0x3d0 ./Drivers/STM32F1xx_HAL_Driver/Src/stm32f1xx_hal_tim.o
 .debug_aranges
                0x0000000000000950      0x168 ./Drivers/STM32F1xx_HAL_Driver/Src/stm32f1xx_hal_tim_ex.o

.debug_ranges   0x0000000000000000      0x9d0
 .debug_ranges  0x0000000000000000       0x20 ./Core/Src/input_processing.o
 .debug_ranges  0x0000000000000020       0x20 ./Core/Src/input_reading.o
 .debug_ranges  0x0000000000000040       0xd0 ./Core/Src/led_display.o
 .debug_ranges  0x0000000000000110       0x40 ./Core/Src/main.o
 .debug_ranges  0x0000000000000150       0x30 ./Core/Src/scheduler.o
 .debug_ranges  0x0000000000000180       0x20 ./Core/Src/stm32f1xx_hal_msp.o
 .debug_ranges  0x00000000000001a0       0x58 ./Core/Src/stm32f1xx_it.o
 .debug_ranges  0x00000000000001f8       0x18 ./Core/Src/system_stm32f1xx.o
 .debug_ranges  0x0000000000000210       0x20 ./Core/Startup/startup_stm32f103c6tx.o
 .debug_ranges  0x0000000000000230       0xd0 ./Drivers/STM32F1xx_HAL_Driver/Src/stm32f1xx_hal.o
 .debug_ranges  0x0000000000000300       0xf0 ./Drivers/STM32F1xx_HAL_Driver/Src/stm32f1xx_hal_cortex.o
 .debug_ranges  0x00000000000003f0       0x48 ./Drivers/STM32F1xx_HAL_Driver/Src/stm32f1xx_hal_gpio.o
 .debug_ranges  0x0000000000000438       0x80 ./Drivers/STM32F1xx_HAL_Driver/Src/stm32f1xx_hal_rcc.o
 .debug_ranges  0x00000000000004b8      0x3c0 ./Drivers/STM32F1xx_HAL_Driver/Src/stm32f1xx_hal_tim.o
 .debug_ranges  0x0000000000000878      0x158 ./Drivers/STM32F1xx_HAL_Driver/Src/stm32f1xx_hal_tim_ex.o

.debug_macro    0x0000000000000000    0x1691b
 .debug_macro   0x0000000000000000      0x1ca ./Core/Src/input_processing.o
 .debug_macro   0x00000000000001ca      0xa6c ./Core/Src/input_processing.o
 .debug_macro   0x0000000000000c36      0x215 ./Core/Src/input_processing.o
 .debug_macro   0x0000000000000e4b       0x2e ./Core/Src/input_processing.o
 .debug_macro   0x0000000000000e79       0x22 ./Core/Src/input_processing.o
 .debug_macro   0x0000000000000e9b       0x22 ./Core/Src/input_processing.o
 .debug_macro   0x0000000000000ebd       0x8e ./Core/Src/input_processing.o
 .debug_macro   0x0000000000000f4b       0x51 ./Core/Src/input_processing.o
 .debug_macro   0x0000000000000f9c      0x103 ./Core/Src/input_processing.o
 .debug_macro   0x000000000000109f       0x6a ./Core/Src/input_processing.o
 .debug_macro   0x0000000000001109      0x1df ./Core/Src/input_processing.o
 .debug_macro   0x00000000000012e8       0x1c ./Core/Src/input_processing.o
 .debug_macro   0x0000000000001304       0x22 ./Core/Src/input_processing.o
 .debug_macro   0x0000000000001326       0xbd ./Core/Src/input_processing.o
 .debug_macro   0x00000000000013e3      0xd23 ./Core/Src/input_processing.o
 .debug_macro   0x0000000000002106     0xde75 ./Core/Src/input_processing.o
 .debug_macro   0x000000000000ff7b       0x6d ./Core/Src/input_processing.o
 .debug_macro   0x000000000000ffe8     0x34a2 ./Core/Src/input_processing.o
 .debug_macro   0x000000000001348a      0x174 ./Core/Src/input_processing.o
 .debug_macro   0x00000000000135fe       0x5c ./Core/Src/input_processing.o
 .debug_macro   0x000000000001365a      0x5bc ./Core/Src/input_processing.o
 .debug_macro   0x0000000000013c16      0x1b7 ./Core/Src/input_processing.o
 .debug_macro   0x0000000000013dcd      0x1cb ./Core/Src/input_processing.o
 .debug_macro   0x0000000000013f98      0x114 ./Core/Src/input_processing.o
 .debug_macro   0x00000000000140ac      0x1b2 ./Core/Src/input_processing.o
 .debug_macro   0x000000000001425e       0x27 ./Core/Src/input_processing.o
 .debug_macro   0x0000000000014285      0x12f ./Core/Src/input_processing.o
 .debug_macro   0x00000000000143b4      0x1bc ./Core/Src/input_processing.o
 .debug_macro   0x0000000000014570       0x34 ./Core/Src/input_processing.o
 .debug_macro   0x00000000000145a4       0x3c ./Core/Src/input_processing.o
 .debug_macro   0x00000000000145e0       0x57 ./Core/Src/input_processing.o
 .debug_macro   0x0000000000014637       0x87 ./Core/Src/input_processing.o
 .debug_macro   0x00000000000146be      0x183 ./Core/Src/input_processing.o
 .debug_macro   0x0000000000014841      0x140 ./Core/Src/input_processing.o
 .debug_macro   0x0000000000014981      0x8ed ./Core/Src/input_processing.o
 .debug_macro   0x000000000001526e       0x69 ./Core/Src/input_processing.o
 .debug_macro   0x00000000000152d7      0x118 ./Core/Src/input_processing.o
 .debug_macro   0x00000000000153ef      0x1d6 ./Core/Src/input_reading.o
 .debug_macro   0x00000000000155c5      0x1c8 ./Core/Src/led_display.o
 .debug_macro   0x000000000001578d      0x1d1 ./Core/Src/main.o
 .debug_macro   0x000000000001595e       0x1c ./Core/Src/main.o
 .debug_macro   0x000000000001597a       0x72 ./Core/Src/scheduler.o
 .debug_macro   0x00000000000159ec       0x16 ./Core/Src/scheduler.o
 .debug_macro   0x0000000000015a02      0x1a6 ./Core/Src/stm32f1xx_hal_msp.o
 .debug_macro   0x0000000000015ba8      0x1b0 ./Core/Src/stm32f1xx_it.o
 .debug_macro   0x0000000000015d58      0x197 ./Core/Src/system_stm32f1xx.o
 .debug_macro   0x0000000000015eef      0x1bb ./Drivers/STM32F1xx_HAL_Driver/Src/stm32f1xx_hal.o
 .debug_macro   0x00000000000160aa      0x197 ./Drivers/STM32F1xx_HAL_Driver/Src/stm32f1xx_hal_cortex.o
 .debug_macro   0x0000000000016241      0x202 ./Drivers/STM32F1xx_HAL_Driver/Src/stm32f1xx_hal_gpio.o
 .debug_macro   0x0000000000016443      0x1a9 ./Drivers/STM32F1xx_HAL_Driver/Src/stm32f1xx_hal_rcc.o
 .debug_macro   0x00000000000165ec      0x198 ./Drivers/STM32F1xx_HAL_Driver/Src/stm32f1xx_hal_tim.o
 .debug_macro   0x0000000000016784      0x197 ./Drivers/STM32F1xx_HAL_Driver/Src/stm32f1xx_hal_tim_ex.o

.debug_line     0x0000000000000000     0xb3f6
 .debug_line    0x0000000000000000      0x7c9 ./Core/Src/input_processing.o
 .debug_line    0x00000000000007c9      0x75f ./Core/Src/input_reading.o
 .debug_line    0x0000000000000f28      0xac9 ./Core/Src/led_display.o
 .debug_line    0x00000000000019f1      0x80a ./Core/Src/main.o
 .debug_line    0x00000000000021fb      0x4d4 ./Core/Src/scheduler.o
 .debug_line    0x00000000000026cf      0x6cc ./Core/Src/stm32f1xx_hal_msp.o
 .debug_line    0x0000000000002d9b      0x76c ./Core/Src/stm32f1xx_it.o
 .debug_line    0x0000000000003507      0x710 ./Core/Src/system_stm32f1xx.o
 .debug_line    0x0000000000003c17       0x86 ./Core/Startup/startup_stm32f103c6tx.o
 .debug_line    0x0000000000003c9d      0x93d ./Drivers/STM32F1xx_HAL_Driver/Src/stm32f1xx_hal.o
 .debug_line    0x00000000000045da      0xb25 ./Drivers/STM32F1xx_HAL_Driver/Src/stm32f1xx_hal_cortex.o
 .debug_line    0x00000000000050ff      0x9c1 ./Drivers/STM32F1xx_HAL_Driver/Src/stm32f1xx_hal_gpio.o
 .debug_line    0x0000000000005ac0      0xd49 ./Drivers/STM32F1xx_HAL_Driver/Src/stm32f1xx_hal_rcc.o
 .debug_line    0x0000000000006809     0x339a ./Drivers/STM32F1xx_HAL_Driver/Src/stm32f1xx_hal_tim.o
 .debug_line    0x0000000000009ba3     0x1853 ./Drivers/STM32F1xx_HAL_Driver/Src/stm32f1xx_hal_tim_ex.o

.debug_str      0x0000000000000000    0x8259f
 .debug_str     0x0000000000000000    0x7f7b8 ./Core/Src/input_processing.o
                                      0x7fb11 (size before relaxing)
 .debug_str     0x000000000007f7b8      0x136 ./Core/Src/input_reading.o
                                      0x7fada (size before relaxing)
 .debug_str     0x000000000007f8ee      0x1fd ./Core/Src/led_display.o
                                      0x7fc54 (size before relaxing)
 .debug_str     0x000000000007faeb      0x80c ./Core/Src/main.o
                                      0x802b6 (size before relaxing)
 .debug_str     0x00000000000802f7       0x78 ./Core/Src/scheduler.o
                                       0x3ca6 (size before relaxing)
 .debug_str     0x000000000008036f      0x2d2 ./Core/Src/stm32f1xx_hal_msp.o
                                      0x80139 (size before relaxing)
 .debug_str     0x0000000000080641       0xec ./Core/Src/stm32f1xx_it.o
                                      0x7fea2 (size before relaxing)
 .debug_str     0x000000000008072d       0x7e ./Core/Src/system_stm32f1xx.o
                                      0x7f5da (size before relaxing)
 .debug_str     0x00000000000807ab       0x36 ./Core/Startup/startup_stm32f103c6tx.o
                                         0x61 (size before relaxing)
 .debug_str     0x00000000000807e1      0x38e ./Drivers/STM32F1xx_HAL_Driver/Src/stm32f1xx_hal.o
                                      0x7fcd3 (size before relaxing)
 .debug_str     0x0000000000080b6f      0x29e ./Drivers/STM32F1xx_HAL_Driver/Src/stm32f1xx_hal_cortex.o
                                      0x7fc1f (size before relaxing)
 .debug_str     0x0000000000080e0d      0x2f6 ./Drivers/STM32F1xx_HAL_Driver/Src/stm32f1xx_hal_gpio.o
                                      0x7f960 (size before relaxing)
 .debug_str     0x0000000000081103      0x229 ./Drivers/STM32F1xx_HAL_Driver/Src/stm32f1xx_hal_rcc.o
                                      0x7fa09 (size before relaxing)
 .debug_str     0x000000000008132c      0xde0 ./Drivers/STM32F1xx_HAL_Driver/Src/stm32f1xx_hal_tim.o
                                      0x80a0b (size before relaxing)
 .debug_str     0x000000000008210c      0x493 ./Drivers/STM32F1xx_HAL_Driver/Src/stm32f1xx_hal_tim_ex.o
                                      0x80217 (size before relaxing)

.comment        0x0000000000000000       0x50
 .comment       0x0000000000000000       0x50 ./Core/Src/input_processing.o
                                         0x51 (size before relaxing)
 .comment       0x0000000000000050       0x51 ./Core/Src/input_reading.o
 .comment       0x0000000000000050       0x51 ./Core/Src/led_display.o
 .comment       0x0000000000000050       0x51 ./Core/Src/main.o
 .comment       0x0000000000000050       0x51 ./Core/Src/scheduler.o
 .comment       0x0000000000000050       0x51 ./Core/Src/stm32f1xx_hal_msp.o
 .comment       0x0000000000000050       0x51 ./Core/Src/stm32f1xx_it.o
 .comment       0x0000000000000050       0x51 ./Core/Src/system_stm32f1xx.o
 .comment       0x0000000000000050       0x51 ./Drivers/STM32F1xx_HAL_Driver/Src/stm32f1xx_hal.o
 .comment       0x0000000000000050       0x51 ./Drivers/STM32F1xx_HAL_Driver/Src/stm32f1xx_hal_cortex.o
 .comment       0x0000000000000050       0x51 ./Drivers/STM32F1xx_HAL_Driver/Src/stm32f1xx_hal_gpio.o
 .comment       0x0000000000000050       0x51 ./Drivers/STM32F1xx_HAL_Driver/Src/stm32f1xx_hal_rcc.o
 .comment       0x0000000000000050       0x51 ./Drivers/STM32F1xx_HAL_Driver/Src/stm32f1xx_hal_tim.o
 .comment       0x0000000000000050       0x51 ./Drivers/STM32F1xx_HAL_Driver/Src/stm32f1xx_hal_tim_ex.o

.debug_frame    0x0000000000000000     0x2aac
 .debug_frame   0x0000000000000000       0x6c ./Core/Src/input_processing.o
 .debug_frame   0x000000000000006c       0x88 ./Core/Src/input_reading.o
 .debug_frame   0x00000000000000f4      0x30c ./Core/Src/led_display.o
 .debug_frame   0x0000000000000400       0xf0 ./Core/Src/main.o
 .debug_frame   0x00000000000004f0       0xcc ./Core/Src/scheduler.o
 .debug_frame   0x00000000000005bc       0x80 ./Core/Src/stm32f1xx_hal_msp.o
 .debug_frame   0x000000000000063c      0x120 ./Core/Src/stm32f1xx_it.o
 .debug_frame   0x000000000000075c       0x58 ./Core/Src/system_stm32f1xx.o
 .debug_frame   0x00000000000007b4      0x334 ./Drivers/STM32F1xx_HAL_Driver/Src/stm32f1xx_hal.o
 .debug_frame   0x0000000000000ae8      0x428 ./Drivers/STM32F1xx_HAL_Driver/Src/stm32f1xx_hal_cortex.o
 .debug_frame   0x0000000000000f10      0x14c ./Drivers/STM32F1xx_HAL_Driver/Src/stm32f1xx_hal_gpio.o
 .debug_frame   0x000000000000105c      0x218 ./Drivers/STM32F1xx_HAL_Driver/Src/stm32f1xx_hal_rcc.o
 .debug_frame   0x0000000000001274     0x11b4 ./Drivers/STM32F1xx_HAL_Driver/Src/stm32f1xx_hal_tim.o
 .debug_frame   0x0000000000002428      0x638 ./Drivers/STM32F1xx_HAL_Driver/Src/stm32f1xx_hal_tim_ex.o
 .debug_frame   0x0000000000002a60       0x2c d:/bkra/keil c test/stm32cubeide_1.10.1/stm32cubeide/plugins/com.st.stm32cube.ide.mcu.externaltools.gnu-tools-for-stm32.10.3-2021.10.win32_1.0.0.202111181127/tools/bin/../lib/gcc/arm-none-eabi/10.3.1/../../../../arm-none-eabi/lib/thumb/v7-m/nofp\libc_nano.a(lib_a-init.o)
 .debug_frame   0x0000000000002a8c       0x20 d:/bkra/keil c test/stm32cubeide_1.10.1/stm32cubeide/plugins/com.st.stm32cube.ide.mcu.externaltools.gnu-tools-for-stm32.10.3-2021.10.win32_1.0.0.202111181127/tools/bin/../lib/gcc/arm-none-eabi/10.3.1/../../../../arm-none-eabi/lib/thumb/v7-m/nofp\libc_nano.a(lib_a-memset.o)
