Archive member included to satisfy reference by file (symbol)

d:/bkra/keil c test/stm32cubeide_1.10.1/stm32cubeide/plugins/com.st.stm32cube.ide.mcu.externaltools.gnu-tools-for-stm32.10.3-2021.10.win32_1.0.0.202111181127/tools/bin/../lib/gcc/arm-none-eabi/10.3.1/../../../../arm-none-eabi/lib/thumb/v7-m/nofp\libc_nano.a(lib_a-errno.o)
                              ./Core/Src/syscalls.o (__errno)
d:/bkra/keil c test/stm32cubeide_1.10.1/stm32cubeide/plugins/com.st.stm32cube.ide.mcu.externaltools.gnu-tools-for-stm32.10.3-2021.10.win32_1.0.0.202111181127/tools/bin/../lib/gcc/arm-none-eabi/10.3.1/../../../../arm-none-eabi/lib/thumb/v7-m/nofp\libc_nano.a(lib_a-exit.o)
                              d:/bkra/keil c test/stm32cubeide_1.10.1/stm32cubeide/plugins/com.st.stm32cube.ide.mcu.externaltools.gnu-tools-for-stm32.10.3-2021.10.win32_1.0.0.202111181127/tools/bin/../lib/gcc/arm-none-eabi/10.3.1/../../../../arm-none-eabi/lib/thumb/v7-m/nofp/crt0.o (exit)
d:/bkra/keil c test/stm32cubeide_1.10.1/stm32cubeide/plugins/com.st.stm32cube.ide.mcu.externaltools.gnu-tools-for-stm32.10.3-2021.10.win32_1.0.0.202111181127/tools/bin/../lib/gcc/arm-none-eabi/10.3.1/../../../../arm-none-eabi/lib/thumb/v7-m/nofp\libc_nano.a(lib_a-impure.o)
                              d:/bkra/keil c test/stm32cubeide_1.10.1/stm32cubeide/plugins/com.st.stm32cube.ide.mcu.externaltools.gnu-tools-for-stm32.10.3-2021.10.win32_1.0.0.202111181127/tools/bin/../lib/gcc/arm-none-eabi/10.3.1/../../../../arm-none-eabi/lib/thumb/v7-m/nofp\libc_nano.a(lib_a-exit.o) (_global_impure_ptr)
d:/bkra/keil c test/stm32cubeide_1.10.1/stm32cubeide/plugins/com.st.stm32cube.ide.mcu.externaltools.gnu-tools-for-stm32.10.3-2021.10.win32_1.0.0.202111181127/tools/bin/../lib/gcc/arm-none-eabi/10.3.1/../../../../arm-none-eabi/lib/thumb/v7-m/nofp\libc_nano.a(lib_a-init.o)
                              d:/bkra/keil c test/stm32cubeide_1.10.1/stm32cubeide/plugins/com.st.stm32cube.ide.mcu.externaltools.gnu-tools-for-stm32.10.3-2021.10.win32_1.0.0.202111181127/tools/bin/../lib/gcc/arm-none-eabi/10.3.1/../../../../arm-none-eabi/lib/thumb/v7-m/nofp/crt0.o (__libc_init_array)
d:/bkra/keil c test/stm32cubeide_1.10.1/stm32cubeide/plugins/com.st.stm32cube.ide.mcu.externaltools.gnu-tools-for-stm32.10.3-2021.10.win32_1.0.0.202111181127/tools/bin/../lib/gcc/arm-none-eabi/10.3.1/../../../../arm-none-eabi/lib/thumb/v7-m/nofp\libc_nano.a(lib_a-memset.o)
                              d:/bkra/keil c test/stm32cubeide_1.10.1/stm32cubeide/plugins/com.st.stm32cube.ide.mcu.externaltools.gnu-tools-for-stm32.10.3-2021.10.win32_1.0.0.202111181127/tools/bin/../lib/gcc/arm-none-eabi/10.3.1/../../../../arm-none-eabi/lib/thumb/v7-m/nofp/crt0.o (memset)

Discarded input sections

 .text          0x0000000000000000        0x0 d:/bkra/keil c test/stm32cubeide_1.10.1/stm32cubeide/plugins/com.st.stm32cube.ide.mcu.externaltools.gnu-tools-for-stm32.10.3-2021.10.win32_1.0.0.202111181127/tools/bin/../lib/gcc/arm-none-eabi/10.3.1/thumb/v7-m/nofp/crti.o
 .data          0x0000000000000000        0x0 d:/bkra/keil c test/stm32cubeide_1.10.1/stm32cubeide/plugins/com.st.stm32cube.ide.mcu.externaltools.gnu-tools-for-stm32.10.3-2021.10.win32_1.0.0.202111181127/tools/bin/../lib/gcc/arm-none-eabi/10.3.1/thumb/v7-m/nofp/crti.o
 .bss           0x0000000000000000        0x0 d:/bkra/keil c test/stm32cubeide_1.10.1/stm32cubeide/plugins/com.st.stm32cube.ide.mcu.externaltools.gnu-tools-for-stm32.10.3-2021.10.win32_1.0.0.202111181127/tools/bin/../lib/gcc/arm-none-eabi/10.3.1/thumb/v7-m/nofp/crti.o
 .data          0x0000000000000000        0x4 d:/bkra/keil c test/stm32cubeide_1.10.1/stm32cubeide/plugins/com.st.stm32cube.ide.mcu.externaltools.gnu-tools-for-stm32.10.3-2021.10.win32_1.0.0.202111181127/tools/bin/../lib/gcc/arm-none-eabi/10.3.1/thumb/v7-m/nofp/crtbegin.o
 .rodata        0x0000000000000000       0x24 d:/bkra/keil c test/stm32cubeide_1.10.1/stm32cubeide/plugins/com.st.stm32cube.ide.mcu.externaltools.gnu-tools-for-stm32.10.3-2021.10.win32_1.0.0.202111181127/tools/bin/../lib/gcc/arm-none-eabi/10.3.1/thumb/v7-m/nofp/crtbegin.o
 .text          0x0000000000000000       0x7c d:/bkra/keil c test/stm32cubeide_1.10.1/stm32cubeide/plugins/com.st.stm32cube.ide.mcu.externaltools.gnu-tools-for-stm32.10.3-2021.10.win32_1.0.0.202111181127/tools/bin/../lib/gcc/arm-none-eabi/10.3.1/../../../../arm-none-eabi/lib/thumb/v7-m/nofp/crt0.o
 .data          0x0000000000000000        0x0 d:/bkra/keil c test/stm32cubeide_1.10.1/stm32cubeide/plugins/com.st.stm32cube.ide.mcu.externaltools.gnu-tools-for-stm32.10.3-2021.10.win32_1.0.0.202111181127/tools/bin/../lib/gcc/arm-none-eabi/10.3.1/../../../../arm-none-eabi/lib/thumb/v7-m/nofp/crt0.o
 .bss           0x0000000000000000        0x0 d:/bkra/keil c test/stm32cubeide_1.10.1/stm32cubeide/plugins/com.st.stm32cube.ide.mcu.externaltools.gnu-tools-for-stm32.10.3-2021.10.win32_1.0.0.202111181127/tools/bin/../lib/gcc/arm-none-eabi/10.3.1/../../../../arm-none-eabi/lib/thumb/v7-m/nofp/crt0.o
[...]
Memory Configuration

Name             Origin             Length             Attributes
RAM              0x0000000020000000 0x0000000000002800 xrw
FLASH            0x0000000008000000 0x0000000000008000 xr
*default*        0x0000000000000000 0xffffffffffffffff

Linker script and memory map

LOAD d:/bkra/keil c test/stm32cubeide_1.10.1/stm32cubeide/plugins/com.st.stm32cube.ide.mcu.externaltools.gnu-tools-for-stm32.10.3-2021.10.win32_1.0.0.202111181127/tools/bin/../lib/gcc/arm-none-eabi/10.3.1/thumb/v7-m/nofp/crti.o
LOAD d:/bkra/keil c test/stm32cubeide_1.10.1/stm32cubeide/plugins/com.st.stm32cube.ide.mcu.externaltools.gnu-tools-for-stm32.10.3-2021.10.win32_1.0.0.202111181127/tools/bin/../lib/gcc/arm-none-eabi/10.3.1/thumb/v7-m/nofp/crtbegin.o
LOAD d:/bkra/keil c test/stm32cubeide_1.10.1/stm32cubeide/plugins/com.st.stm32cube.ide.mcu.externaltools.gnu-tools-for-stm32.10.3-2021.10.win32_1.0.0.202111181127/tools/bin/../lib/gcc/arm-none-eabi/10.3.1/../../../../arm-none-eabi/lib/thumb/v7-m/nofp/crt0.o
LOAD ./Core/Src/input_processing.o
LOAD ./Core/Src/input_reading.o
LOAD ./Core/Src/led_display.o
LOAD ./Core/Src/main lab3.o
LOAD ./Core/Src/main.o
LOAD ./Core/Src/scheduler.o
LOAD ./Core/Src/stm32f1xx_hal_msp.o
LOAD ./Core/Src/stm32f1xx_it.o
LOAD ./Core/Src/syscalls.o
LOAD ./Core/Src/sysmem.o
LOAD ./Core/Src/system_stm32f1xx.o
LOAD ./Core/Src/timer.o
LOAD ./Core/Startup/startup_stm32f103c6tx.o
LOAD ./Drivers/STM32F1xx_HAL_Driver/Src/stm32f1xx_hal.o
LOAD ./Drivers/STM32F1xx_HAL_Driver/Src/stm32f1xx_hal_cortex.o
LOAD ./Drivers/STM32F1xx_HAL_Driver/Src/stm32f1xx_hal_dma.o
LOAD ./Drivers/STM32F1xx_HAL_Driver/Src/stm32f1xx_hal_exti.o
LOAD ./Drivers/STM32F1xx_HAL_Driver/Src/stm32f1xx_hal_flash.o
LOAD ./Drivers/STM32F1xx_HAL_Driver/Src/stm32f1xx_hal_flash_ex.o
LOAD ./Drivers/STM32F1xx_HAL_Driver/Src/stm32f1xx_hal_gpio.o
LOAD ./Drivers/STM32F1xx_HAL_Driver/Src/stm32f1xx_hal_gpio_ex.o
LOAD ./Drivers/STM32F1xx_HAL_Driver/Src/stm32f1xx_hal_pwr.o
LOAD ./Drivers/STM32F1xx_HAL_Driver/Src/stm32f1xx_hal_rcc.o
LOAD ./Drivers/STM32F1xx_HAL_Driver/Src/stm32f1xx_hal_rcc_ex.o
LOAD ./Drivers/STM32F1xx_HAL_Driver/Src/stm32f1xx_hal_tim.o
LOAD ./Drivers/STM32F1xx_HAL_Driver/Src/stm32f1xx_hal_tim_ex.o
START GROUP
LOAD d:/bkra/keil c test/stm32cubeide_1.10.1/stm32cubeide/plugins/com.st.stm32cube.ide.mcu.externaltools.gnu-tools-for-stm32.10.3-2021.10.win32_1.0.0.202111181127/tools/bin/../lib/gcc/arm-none-eabi/10.3.1/../../../../arm-none-eabi/lib/thumb/v7-m/nofp\libc_nano.a
LOAD d:/bkra/keil c test/stm32cubeide_1.10.1/stm32cubeide/plugins/com.st.stm32cube.ide.mcu.externaltools.gnu-tools-for-stm32.10.3-2021.10.win32_1.0.0.202111181127/tools/bin/../lib/gcc/arm-none-eabi/10.3.1/../../../../arm-none-eabi/lib/thumb/v7-m/nofp\libm.a
END GROUP
START GROUP
LOAD d:/bkra/keil c test/stm32cubeide_1.10.1/stm32cubeide/plugins/com.st.stm32cube.ide.mcu.externaltools.gnu-tools-for-stm32.10.3-2021.10.win32_1.0.0.202111181127/tools/bin/../lib/gcc/arm-none-eabi/10.3.1/thumb/v7-m/nofp\libgcc.a
LOAD d:/bkra/keil c test/stm32cubeide_1.10.1/stm32cubeide/plugins/com.st.stm32cube.ide.mcu.externaltools.gnu-tools-for-stm32.10.3-2021.10.win32_1.0.0.202111181127/tools/bin/../lib/gcc/arm-none-eabi/10.3.1/../../../../arm-none-eabi/lib/thumb/v7-m/nofp\libc_nano.a
END GROUP
START GROUP
LOAD d:/bkra/keil c test/stm32cubeide_1.10.1/stm32cubeide/plugins/com.st.stm32cube.ide.mcu.externaltools.gnu-tools-for-stm32.10.3-2021.10.win32_1.0.0.202111181127/tools/bin/../lib/gcc/arm-none-eabi/10.3.1/thumb/v7-m/nofp\libgcc.a
LOAD d:/bkra/keil c test/stm32cubeide_1.10.1/stm32cubeide/plugins/com.st.stm32cube.ide.mcu.externaltools.gnu-tools-for-stm32.10.3-2021.10.win32_1.0.0.202111181127/tools/bin/../lib/gcc/arm-none-eabi/10.3.1/../../../../arm-none-eabi/lib/thumb/v7-m/nofp\libc_nano.a
LOAD d:/bkra/keil c test/stm32cubeide_1.10.1/stm32cubeide/plugins/com.st.stm32cube.ide.mcu.externaltools.gnu-tools-for-stm32.10.3-2021.10.win32_1.0.0.202111181127/tools/bin/../lib/gcc/arm-none-eabi/10.3.1/../../../../arm-none-eabi/lib/thumb/v7-m/nofp\libnosys.a
END GROUP
START GROUP
LOAD d:/bkra/keil c test/stm32cubeide_1.10.1/stm32cubeide/plugins/com.st.stm32cube.ide.mcu.externaltools.gnu-tools-for-stm32.10.3-2021.10.win32_1.0.0.202111181127/tools/bin/../lib/gcc/arm-none-eabi/10.3.1/thumb/v7-m/nofp\libgcc.a
LOAD d:/bkra/keil c test/stm32cubeide_1.10.1/stm32cubeide/plugins/com.st.stm32cube.ide.mcu.externaltools.gnu-tools-for-stm32.10.3-2021.10.win32_1.0.0.202111181127/tools/bin/../lib/gcc/arm-none-eabi/10.3.1/../../../../arm-none-eabi/lib/thumb/v7-m/nofp\libc_nano.a
LOAD d:/bkra/keil c test/stm32cubeide_1.10.1/stm32cubeide/plugins/com.st.stm32cube.ide.mcu.externaltools.gnu-tools-for-stm32.10.3-2021.10.win32_1.0.0.202111181127/tools/bin/../lib/gcc/arm-none-eabi/10.3.1/../../../../arm-none-eabi/lib/thumb/v7-m/nofp\libnosys.a
END GROUP
LOAD d:/bkra/keil c test/stm32cubeide_1.10.1/stm32cubeide/plugins/com.st.stm32cube.ide.mcu.externaltools.gnu-tools-for-stm32.10.3-2021.10.win32_1.0.0.202111181127/tools/bin/../lib/gcc/arm-none-eabi/10.3.1/thumb/v7-m/nofp/crtend.o
LOAD d:/bkra/keil c test/stm32cubeide_1.10.1/stm32cubeide/plugins/com.st.stm32cube.ide.mcu.externaltools.gnu-tools-for-stm32.10.3-2021.10.win32_1.0.0.202111181127/tools/bin/../lib/gcc/arm-none-eabi/10.3.1/thumb/v7-m/nofp/crtn.o
                0x0000000020002800                _estack = (ORIGIN (RAM) + LENGTH (RAM))
                0x0000000000000200                _Min_Heap_Size = 0x200
                0x0000000000000400                _Min_Stack_Size = 0x400

.isr_vector     0x0000000008000000      0x10c
                0x0000000008000000                . = ALIGN (0x4)
 *(.isr_vector)
 .isr_vector    0x0000000008000000      0x10c ./Core/Startup/startup_stm32f103c6tx.o
                0x0000000008000000                g_pfnVectors
                0x000000000800010c                . = ALIGN (0x4)

.text           0x000000000800010c     0x293c
                0x000000000800010c                . = ALIGN (0x4)
 *(.text)
 .text          0x000000000800010c       0x40 d:/bkra/keil c test/stm32cubeide_1.10.1/stm32cubeide/plugins/com.st.stm32cube.ide.mcu.externaltools.gnu-tools-for-stm32.10.3-2021.10.win32_1.0.0.202111181127/tools/bin/../lib/gcc/arm-none-eabi/10.3.1/thumb/v7-m/nofp/crtbegin.o
 *(.text*)
 .text.handle_mode
                0x000000000800014c       0x44 ./Core/Src/input_processing.o
                0x000000000800014c                handle_mode
 .text.getKeyInput
                0x0000000008000190       0xd4 ./Core/Src/input_processing.o
                0x0000000008000190                getKeyInput
 .text.fsm_for_input_processing
                0x0000000008000264       0xf4 ./Core/Src/input_processing.o
                0x0000000008000264                fsm_for_input_processing
 .text.button_reading
                0x0000000008000358       0xd8 ./Core/Src/input_reading.o
                0x0000000008000358                button_reading
 .text.led_red_blink
                0x0000000008000430       0x20 ./Core/Src/led_display.o
                0x0000000008000430                led_red_blink
 .text.led_green_blink
                0x0000000008000450       0x20 ./Core/Src/led_display.o
                0x0000000008000450                led_green_blink
 .text.led_yellow_blink
                0x0000000008000470       0x20 ./Core/Src/led_display.o
                0x0000000008000470                led_yellow_blink
 .text.off_red_led
                0x0000000008000490       0x24 ./Core/Src/led_display.o
                0x0000000008000490                off_red_led
 .text.off_yellow_led
                0x00000000080004b4       0x24 ./Core/Src/led_display.o
                0x00000000080004b4                off_yellow_led
 .text.off_green_led
                0x00000000080004d8       0x24 ./Core/Src/led_display.o
                0x00000000080004d8                off_green_led
 .text.modify_red_duration
                0x00000000080004fc       0x14 ./Core/Src/led_display.o
                0x00000000080004fc                modify_red_duration
 .text.modify_yellow_duration
                0x0000000008000510       0x14 ./Core/Src/led_display.o
                0x0000000008000510                modify_yellow_duration
 .text.modify_green_duration
                0x0000000008000524       0x14 ./Core/Src/led_display.o
                0x0000000008000524                modify_green_duration
 .text.display1
                0x0000000008000538      0x320 ./Core/Src/led_display.o
                0x0000000008000538                display1
 .text.display2number
                0x0000000008000858      0x194 ./Core/Src/led_display.o
                0x0000000008000858                display2number
 .text.updatemode
                0x00000000080009ec       0x1c ./Core/Src/led_display.o
                0x00000000080009ec                updatemode
 .text.timeledlight
                0x0000000008000a08       0x20 ./Core/Src/led_display.o
                0x0000000008000a08                timeledlight
 .text.normalstate
                0x0000000008000a28      0x210 ./Core/Src/led_display.o
                0x0000000008000a28                normalstate
 .text.update_numbers
                0x0000000008000c38       0x28 ./Core/Src/led_display.o
                0x0000000008000c38                update_numbers
 .text.increment_duration
                0x0000000008000c60       0x44 ./Core/Src/led_display.o
                0x0000000008000c60                increment_duration
 .text.save_duration
                0x0000000008000ca4       0x32 ./Core/Src/led_display.o
                0x0000000008000ca4                save_duration
 *fill*         0x0000000008000cd6        0x2 
 .text.but2_red
                0x0000000008000cd8       0x14 ./Core/Src/led_display.o
                0x0000000008000cd8                but2_red
 .text.but2_ye  0x0000000008000cec       0x14 ./Core/Src/led_display.o
                0x0000000008000cec                but2_ye
 .text.but2_gr  0x0000000008000d00       0x14 ./Core/Src/led_display.o
                0x0000000008000d00                but2_gr
 .text.but3_red
                0x0000000008000d14       0x18 ./Core/Src/led_display.o
                0x0000000008000d14                but3_red
 .text.but3_ye  0x0000000008000d2c       0x18 ./Core/Src/led_display.o
                0x0000000008000d2c                but3_ye
 .text.but3_gr  0x0000000008000d44       0x18 ./Core/Src/led_display.o
                0x0000000008000d44                but3_gr
 .text.HAL_TIM_PeriodElapsedCallback
                0x0000000008000d5c       0x14 ./Core/Src/main.o
                0x0000000008000d5c                HAL_TIM_PeriodElapsedCallback
 .text.led1_test
                0x0000000008000d70       0x18 ./Core/Src/main.o
                0x0000000008000d70                led1_test
 .text.main     0x0000000008000d88       0x74 ./Core/Src/main.o
                0x0000000008000d88                main
 .text.SystemClock_Config
                0x0000000008000dfc       0x76 ./Core/Src/main.o
                0x0000000008000dfc                SystemClock_Config
 *fill*         0x0000000008000e72        0x2 
 .text.MX_TIM2_Init
                0x0000000008000e74       0x98 ./Core/Src/main.o
 .text.MX_GPIO_Init
                0x0000000008000f0c       0xc8 ./Core/Src/main.o
 .text.Error_Handler
                0x0000000008000fd4        0xa ./Core/Src/main.o
                0x0000000008000fd4                Error_Handler
 .text.SCH_Init
                0x0000000008000fde       0x2a ./Core/Src/scheduler.o
                0x0000000008000fde                SCH_Init
 .text.SCH_Add_Task
                0x0000000008001008       0xbc ./Core/Src/scheduler.o
                0x0000000008001008                SCH_Add_Task
 .text.SCH_Update
                0x00000000080010c4       0xdc ./Core/Src/scheduler.o
                0x00000000080010c4                SCH_Update
 .text.SCH_Delete_Task
                0x00000000080011a0       0x6c ./Core/Src/scheduler.o
                0x00000000080011a0                SCH_Delete_Task
 .text.SCH_Dispatch_Tasks
                0x000000000800120c       0xa8 ./Core/Src/scheduler.o
                0x000000000800120c                SCH_Dispatch_Tasks
 .text.HAL_MspInit
                0x00000000080012b4       0x44 ./Core/Src/stm32f1xx_hal_msp.o
                0x00000000080012b4                HAL_MspInit
 .text.HAL_TIM_Base_MspInit
                0x00000000080012f8       0x48 ./Core/Src/stm32f1xx_hal_msp.o
                0x00000000080012f8                HAL_TIM_Base_MspInit
 .text.NMI_Handler
                0x0000000008001340        0x6 ./Core/Src/stm32f1xx_it.o
                0x0000000008001340                NMI_Handler
 .text.HardFault_Handler
                0x0000000008001346        0x6 ./Core/Src/stm32f1xx_it.o
                0x0000000008001346                HardFault_Handler
 .text.MemManage_Handler
                0x000000000800134c        0x6 ./Core/Src/stm32f1xx_it.o
                0x000000000800134c                MemManage_Handler
 .text.BusFault_Handler
                0x0000000008001352        0x6 ./Core/Src/stm32f1xx_it.o
                0x0000000008001352                BusFault_Handler
 .text.UsageFault_Handler
                0x0000000008001358        0x6 ./Core/Src/stm32f1xx_it.o
                0x0000000008001358                UsageFault_Handler
 .text.SVC_Handler
                0x000000000800135e        0xc ./Core/Src/stm32f1xx_it.o
                0x000000000800135e                SVC_Handler
 .text.DebugMon_Handler
                0x000000000800136a        0xc ./Core/Src/stm32f1xx_it.o
                0x000000000800136a                DebugMon_Handler
 .text.PendSV_Handler
                0x0000000008001376        0xc ./Core/Src/stm32f1xx_it.o
                0x0000000008001376                PendSV_Handler
 .text.SysTick_Handler
                0x0000000008001382        0xc ./Core/Src/stm32f1xx_it.o
                0x0000000008001382                SysTick_Handler
 *fill*         0x000000000800138e        0x2 
 .text.TIM2_IRQHandler
                0x0000000008001390       0x14 ./Core/Src/stm32f1xx_it.o
                0x0000000008001390                TIM2_IRQHandler
 .text.SystemInit
                0x00000000080013a4        0xc ./Core/Src/system_stm32f1xx.o
                0x00000000080013a4                SystemInit
 .text.Reset_Handler
                0x00000000080013b0       0x48 ./Core/Startup/startup_stm32f103c6tx.o
                0x00000000080013b0                Reset_Handler
 .text.Default_Handler
                0x00000000080013f8        0x2 ./Core/Startup/startup_stm32f103c6tx.o
                0x00000000080013f8                RTC_Alarm_IRQHandler
                0x00000000080013f8                EXTI2_IRQHandler
                0x00000000080013f8                TIM1_CC_IRQHandler
                0x00000000080013f8                PVD_IRQHandler
                0x00000000080013f8                EXTI3_IRQHandler
                0x00000000080013f8                EXTI0_IRQHandler
                0x00000000080013f8                ADC1_2_IRQHandler
                0x00000000080013f8                SPI1_IRQHandler
                0x00000000080013f8                TAMPER_IRQHandler
                0x00000000080013f8                DMA1_Channel4_IRQHandler
                0x00000000080013f8                RTC_IRQHandler
                0x00000000080013f8                DMA1_Channel7_IRQHandler
                0x00000000080013f8                CAN1_RX1_IRQHandler
                0x00000000080013f8                I2C1_EV_IRQHandler
                0x00000000080013f8                DMA1_Channel6_IRQHandler
                0x00000000080013f8                TIM3_IRQHandler
                0x00000000080013f8                RCC_IRQHandler
                0x00000000080013f8                TIM1_TRG_COM_IRQHandler
                0x00000000080013f8                DMA1_Channel1_IRQHandler
                0x00000000080013f8                Default_Handler
                0x00000000080013f8                EXTI15_10_IRQHandler
                0x00000000080013f8                EXTI9_5_IRQHandler
                0x00000000080013f8                DMA1_Channel5_IRQHandler
                0x00000000080013f8                EXTI4_IRQHandler
                0x00000000080013f8                USB_LP_CAN1_RX0_IRQHandler
                0x00000000080013f8                USB_HP_CAN1_TX_IRQHandler
                0x00000000080013f8                DMA1_Channel3_IRQHandler
                0x00000000080013f8                TIM1_UP_IRQHandler
                0x00000000080013f8                WWDG_IRQHandler
                0x00000000080013f8                TIM1_BRK_IRQHandler
                0x00000000080013f8                EXTI1_IRQHandler
                0x00000000080013f8                USART2_IRQHandler
                0x00000000080013f8                DMA1_Channel2_IRQHandler
                0x00000000080013f8                CAN1_SCE_IRQHandler
                0x00000000080013f8                FLASH_IRQHandler
                0x00000000080013f8                USART1_IRQHandler
                0x00000000080013f8                I2C1_ER_IRQHandler
                0x00000000080013f8                USBWakeUp_IRQHandler
 *fill*         0x00000000080013fa        0x2 
 .text.HAL_Init
                0x00000000080013fc       0x2c ./Drivers/STM32F1xx_HAL_Driver/Src/stm32f1xx_hal.o
                0x00000000080013fc                HAL_Init
 .text.HAL_InitTick
                0x0000000008001428       0x60 ./Drivers/STM32F1xx_HAL_Driver/Src/stm32f1xx_hal.o
                0x0000000008001428                HAL_InitTick
 .text.HAL_IncTick
                0x0000000008001488       0x24 ./Drivers/STM32F1xx_HAL_Driver/Src/stm32f1xx_hal.o
                0x0000000008001488                HAL_IncTick
 .text.HAL_GetTick
                0x00000000080014ac       0x14 ./Drivers/STM32F1xx_HAL_Driver/Src/stm32f1xx_hal.o
                0x00000000080014ac                HAL_GetTick
 .text.__NVIC_SetPriorityGrouping
                0x00000000080014c0       0x48 ./Drivers/STM32F1xx_HAL_Driver/Src/stm32f1xx_hal_cortex.o
 .text.__NVIC_GetPriorityGrouping
                0x0000000008001508       0x1c ./Drivers/STM32F1xx_HAL_Driver/Src/stm32f1xx_hal_cortex.o
 .text.__NVIC_EnableIRQ
                0x0000000008001524       0x38 ./Drivers/STM32F1xx_HAL_Driver/Src/stm32f1xx_hal_cortex.o
 .text.__NVIC_SetPriority
                0x000000000800155c       0x54 ./Drivers/STM32F1xx_HAL_Driver/Src/stm32f1xx_hal_cortex.o
 .text.NVIC_EncodePriority
                0x00000000080015b0       0x64 ./Drivers/STM32F1xx_HAL_Driver/Src/stm32f1xx_hal_cortex.o
 .text.SysTick_Config
                0x0000000008001614       0x44 ./Drivers/STM32F1xx_HAL_Driver/Src/stm32f1xx_hal_cortex.o
 .text.HAL_NVIC_SetPriorityGrouping
                0x0000000008001658       0x16 ./Drivers/STM32F1xx_HAL_Driver/Src/stm32f1xx_hal_cortex.o
                0x0000000008001658                HAL_NVIC_SetPriorityGrouping
 .text.HAL_NVIC_SetPriority
                0x000000000800166e       0x38 ./Drivers/STM32F1xx_HAL_Driver/Src/stm32f1xx_hal_cortex.o
                0x000000000800166e                HAL_NVIC_SetPriority
 .text.HAL_NVIC_EnableIRQ
                0x00000000080016a6       0x1c ./Drivers/STM32F1xx_HAL_Driver/Src/stm32f1xx_hal_cortex.o
                0x00000000080016a6                HAL_NVIC_EnableIRQ
 .text.HAL_SYSTICK_Config
                0x00000000080016c2       0x18 ./Drivers/STM32F1xx_HAL_Driver/Src/stm32f1xx_hal_cortex.o
                0x00000000080016c2                HAL_SYSTICK_Config
 *fill*         0x00000000080016da        0x2 
 .text.HAL_GPIO_Init
                0x00000000080016dc      0x2f8 ./Drivers/STM32F1xx_HAL_Driver/Src/stm32f1xx_hal_gpio.o
                0x00000000080016dc                HAL_GPIO_Init
 .text.HAL_GPIO_ReadPin
                0x00000000080019d4       0x2e ./Drivers/STM32F1xx_HAL_Driver/Src/stm32f1xx_hal_gpio.o
                0x00000000080019d4                HAL_GPIO_ReadPin
 .text.HAL_GPIO_WritePin
                0x0000000008001a02       0x30 ./Drivers/STM32F1xx_HAL_Driver/Src/stm32f1xx_hal_gpio.o
                0x0000000008001a02                HAL_GPIO_WritePin
 .text.HAL_GPIO_TogglePin
                0x0000000008001a32       0x32 ./Drivers/STM32F1xx_HAL_Driver/Src/stm32f1xx_hal_gpio.o
                0x0000000008001a32                HAL_GPIO_TogglePin
 .text.HAL_RCC_OscConfig
                0x0000000008001a64      0x504 ./Drivers/STM32F1xx_HAL_Driver/Src/stm32f1xx_hal_rcc.o
                0x0000000008001a64                HAL_RCC_OscConfig
 .text.HAL_RCC_ClockConfig
                0x0000000008001f68      0x1d4 ./Drivers/STM32F1xx_HAL_Driver/Src/stm32f1xx_hal_rcc.o
                0x0000000008001f68                HAL_RCC_ClockConfig
 .text.HAL_RCC_GetSysClockFreq
                0x000000000800213c       0xa8 ./Drivers/STM32F1xx_HAL_Driver/Src/stm32f1xx_hal_rcc.o
                0x000000000800213c                HAL_RCC_GetSysClockFreq
 .text.RCC_Delay
                0x00000000080021e4       0x3c ./Drivers/STM32F1xx_HAL_Driver/Src/stm32f1xx_hal_rcc.o
 .text.HAL_TIM_Base_Init
                0x0000000008002220       0x9e ./Drivers/STM32F1xx_HAL_Driver/Src/stm32f1xx_hal_tim.o
                0x0000000008002220                HAL_TIM_Base_Init
 *fill*         0x00000000080022be        0x2 
 .text.HAL_TIM_Base_Start_IT
                0x00000000080022c0       0x98 ./Drivers/STM32F1xx_HAL_Driver/Src/stm32f1xx_hal_tim.o
                0x00000000080022c0                HAL_TIM_Base_Start_IT
 .text.HAL_TIM_IRQHandler
                0x0000000008002358      0x1e0 ./Drivers/STM32F1xx_HAL_Driver/Src/stm32f1xx_hal_tim.o
                0x0000000008002358                HAL_TIM_IRQHandler
 .text.HAL_TIM_ConfigClockSource
                0x0000000008002538      0x18e ./Drivers/STM32F1xx_HAL_Driver/Src/stm32f1xx_hal_tim.o
                0x0000000008002538                HAL_TIM_ConfigClockSource
 .text.HAL_TIM_OC_DelayElapsedCallback
                0x00000000080026c6       0x12 ./Drivers/STM32F1xx_HAL_Driver/Src/stm32f1xx_hal_tim.o
                0x00000000080026c6                HAL_TIM_OC_DelayElapsedCallback
 .text.HAL_TIM_IC_CaptureCallback
                0x00000000080026d8       0x12 ./Drivers/STM32F1xx_HAL_Driver/Src/stm32f1xx_hal_tim.o
                0x00000000080026d8                HAL_TIM_IC_CaptureCallback
 .text.HAL_TIM_PWM_PulseFinishedCallback
                0x00000000080026ea       0x12 ./Drivers/STM32F1xx_HAL_Driver/Src/stm32f1xx_hal_tim.o
                0x00000000080026ea                HAL_TIM_PWM_PulseFinishedCallback
 .text.HAL_TIM_TriggerCallback
                0x00000000080026fc       0x12 ./Drivers/STM32F1xx_HAL_Driver/Src/stm32f1xx_hal_tim.o
                0x00000000080026fc                HAL_TIM_TriggerCallback
 *fill*         0x000000000800270e        0x2 
 .text.TIM_Base_SetConfig
                0x0000000008002710       0xc8 ./Drivers/STM32F1xx_HAL_Driver/Src/stm32f1xx_hal_tim.o
                0x0000000008002710                TIM_Base_SetConfig
 .text.TIM_TI1_ConfigInputStage
                0x00000000080027d8       0x5c ./Drivers/STM32F1xx_HAL_Driver/Src/stm32f1xx_hal_tim.o
 .text.TIM_TI2_ConfigInputStage
                0x0000000008002834       0x5e ./Drivers/STM32F1xx_HAL_Driver/Src/stm32f1xx_hal_tim.o
 .text.TIM_ITRx_SetConfig
                0x0000000008002892       0x34 ./Drivers/STM32F1xx_HAL_Driver/Src/stm32f1xx_hal_tim.o
 .text.TIM_ETR_SetConfig
                0x00000000080028c6       0x3e ./Drivers/STM32F1xx_HAL_Driver/Src/stm32f1xx_hal_tim.o
                0x00000000080028c6                TIM_ETR_SetConfig
 .text.HAL_TIMEx_MasterConfigSynchronization
                0x0000000008002904       0xb0 ./Drivers/STM32F1xx_HAL_Driver/Src/stm32f1xx_hal_tim_ex.o
                0x0000000008002904                HAL_TIMEx_MasterConfigSynchronization
 .text.HAL_TIMEx_CommutCallback
                0x00000000080029b4       0x12 ./Drivers/STM32F1xx_HAL_Driver/Src/stm32f1xx_hal_tim_ex.o
                0x00000000080029b4                HAL_TIMEx_CommutCallback
 .text.HAL_TIMEx_BreakCallback
                0x00000000080029c6       0x12 ./Drivers/STM32F1xx_HAL_Driver/Src/stm32f1xx_hal_tim_ex.o
                0x00000000080029c6                HAL_TIMEx_BreakCallback
 .text.__libc_init_array
                0x00000000080029d8       0x48 d:/bkra/keil c test/stm32cubeide_1.10.1/stm32cubeide/plugins/com.st.stm32cube.ide.mcu.externaltools.gnu-tools-for-stm32.10.3-2021.10.win32_1.0.0.202111181127/tools/bin/../lib/gcc/arm-none-eabi/10.3.1/../../../../arm-none-eabi/lib/thumb/v7-m/nofp\libc_nano.a(lib_a-init.o)
                0x00000000080029d8                __libc_init_array
 .text.memset   0x0000000008002a20       0x10 d:/bkra/keil c test/stm32cubeide_1.10.1/stm32cubeide/plugins/com.st.stm32cube.ide.mcu.externaltools.gnu-tools-for-stm32.10.3-2021.10.win32_1.0.0.202111181127/tools/bin/../lib/gcc/arm-none-eabi/10.3.1/../../../../arm-none-eabi/lib/thumb/v7-m/nofp\libc_nano.a(lib_a-memset.o)
                0x0000000008002a20                memset
 *(.glue_7)
 .glue_7        0x0000000008002a30        0x0 linker stubs
 *(.glue_7t)
 .glue_7t       0x0000000008002a30        0x0 linker stubs
 *(.eh_frame)
 .eh_frame      0x0000000008002a30        0x0 d:/bkra/keil c test/stm32cubeide_1.10.1/stm32cubeide/plugins/com.st.stm32cube.ide.mcu.externaltools.gnu-tools-for-stm32.10.3-2021.10.win32_1.0.0.202111181127/tools/bin/../lib/gcc/arm-none-eabi/10.3.1/thumb/v7-m/nofp/crtbegin.o
 *(.init)
 .init          0x0000000008002a30        0x4 d:/bkra/keil c test/stm32cubeide_1.10.1/stm32cubeide/plugins/com.st.stm32cube.ide.mcu.externaltools.gnu-tools-for-stm32.10.3-2021.10.win32_1.0.0.202111181127/tools/bin/../lib/gcc/arm-none-eabi/10.3.1/thumb/v7-m/nofp/crti.o
                0x0000000008002a30                _init
 .init          0x0000000008002a34        0x8 d:/bkra/keil c test/stm32cubeide_1.10.1/stm32cubeide/plugins/com.st.stm32cube.ide.mcu.externaltools.gnu-tools-for-stm32.10.3-2021.10.win32_1.0.0.202111181127/tools/bin/../lib/gcc/arm-none-eabi/10.3.1/thumb/v7-m/nofp/crtn.o
 *(.fini)
 .fini          0x0000000008002a3c        0x4 d:/bkra/keil c test/stm32cubeide_1.10.1/stm32cubeide/plugins/com.st.stm32cube.ide.mcu.externaltools.gnu-tools-for-stm32.10.3-2021.10.win32_1.0.0.202111181127/tools/bin/../lib/gcc/arm-none-eabi/10.3.1/thumb/v7-m/nofp/crti.o
                0x0000000008002a3c                _fini
 .fini          0x0000000008002a40        0x8 d:/bkra/keil c test/stm32cubeide_1.10.1/stm32cubeide/plugins/com.st.stm32cube.ide.mcu.externaltools.gnu-tools-for-stm32.10.3-2021.10.win32_1.0.0.202111181127/tools/bin/../lib/gcc/arm-none-eabi/10.3.1/thumb/v7-m/nofp/crtn.o
                0x0000000008002a48                . = ALIGN (0x4)
                0x0000000008002a48                _etext = .

.vfp11_veneer   0x0000000008002a48        0x0
 .vfp11_veneer  0x0000000008002a48        0x0 linker stubs

.v4_bx          0x0000000008002a48        0x0
 .v4_bx         0x0000000008002a48        0x0 linker stubs

.iplt           0x0000000008002a48        0x0
 .iplt          0x0000000008002a48        0x0 d:/bkra/keil c test/stm32cubeide_1.10.1/stm32cubeide/plugins/com.st.stm32cube.ide.mcu.externaltools.gnu-tools-for-stm32.10.3-2021.10.win32_1.0.0.202111181127/tools/bin/../lib/gcc/arm-none-eabi/10.3.1/thumb/v7-m/nofp/crtbegin.o

.rodata         0x0000000008002a48       0x2c
                0x0000000008002a48                . = ALIGN (0x4)
 *(.rodata)
 .rodata        0x0000000008002a48        0x8 ./Core/Src/input_reading.o
 *(.rodata*)
 .rodata.AHBPrescTable
                0x0000000008002a50       0x10 ./Core/Src/system_stm32f1xx.o
                0x0000000008002a50                AHBPrescTable
 .rodata.aPLLMULFactorTable.1
                0x0000000008002a60       0x10 ./Drivers/STM32F1xx_HAL_Driver/Src/stm32f1xx_hal_rcc.o
 .rodata.aPredivFactorTable.0
                0x0000000008002a70        0x2 ./Drivers/STM32F1xx_HAL_Driver/Src/stm32f1xx_hal_rcc.o
                0x0000000008002a74                . = ALIGN (0x4)
 *fill*         0x0000000008002a72        0x2 

.rel.dyn        0x0000000008002a74        0x0
 .rel.iplt      0x0000000008002a74        0x0 d:/bkra/keil c test/stm32cubeide_1.10.1/stm32cubeide/plugins/com.st.stm32cube.ide.mcu.externaltools.gnu-tools-for-stm32.10.3-2021.10.win32_1.0.0.202111181127/tools/bin/../lib/gcc/arm-none-eabi/10.3.1/thumb/v7-m/nofp/crtbegin.o

.ARM.extab      0x0000000008002a74        0x0
                0x0000000008002a74                . = ALIGN (0x4)
 *(.ARM.extab* .gnu.linkonce.armextab.*)
                0x0000000008002a74                . = ALIGN (0x4)

.ARM            0x0000000008002a74        0x0
                0x0000000008002a74                . = ALIGN (0x4)
                0x0000000008002a74                __exidx_start = .
 *(.ARM.exidx*)
                0x0000000008002a74                __exidx_end = .
                0x0000000008002a74                . = ALIGN (0x4)

.preinit_array  0x0000000008002a74        0x0
                0x0000000008002a74                . = ALIGN (0x4)
                0x0000000008002a74                PROVIDE (__preinit_array_start = .)
 *(.preinit_array*)
                0x0000000008002a74                PROVIDE (__preinit_array_end = .)
                0x0000000008002a74                . = ALIGN (0x4)

.init_array     0x0000000008002a74        0x4
                0x0000000008002a74                . = ALIGN (0x4)
                0x0000000008002a74                PROVIDE (__init_array_start = .)
 *(SORT_BY_NAME(.init_array.*))
 *(.init_array*)
 .init_array    0x0000000008002a74        0x4 d:/bkra/keil c test/stm32cubeide_1.10.1/stm32cubeide/plugins/com.st.stm32cube.ide.mcu.externaltools.gnu-tools-for-stm32.10.3-2021.10.win32_1.0.0.202111181127/tools/bin/../lib/gcc/arm-none-eabi/10.3.1/thumb/v7-m/nofp/crtbegin.o
                0x0000000008002a78                PROVIDE (__init_array_end = .)
                0x0000000008002a78                . = ALIGN (0x4)

.fini_array     0x0000000008002a78        0x4
                0x0000000008002a78                . = ALIGN (0x4)
                [!provide]                        PROVIDE (__fini_array_start = .)
 *(SORT_BY_NAME(.fini_array.*))
 *(.fini_array*)
 .fini_array    0x0000000008002a78        0x4 d:/bkra/keil c test/stm32cubeide_1.10.1/stm32cubeide/plugins/com.st.stm32cube.ide.mcu.externaltools.gnu-tools-for-stm32.10.3-2021.10.win32_1.0.0.202111181127/tools/bin/../lib/gcc/arm-none-eabi/10.3.1/thumb/v7-m/nofp/crtbegin.o
                [!provide]                        PROVIDE (__fini_array_end = .)
                0x0000000008002a7c                . = ALIGN (0x4)
                0x0000000008002a7c                _sidata = LOADADDR (.data)

.data           0x0000000020000000       0x38 load address 0x0000000008002a7c
                0x0000000020000000                . = ALIGN (0x4)
                0x0000000020000000                _sdata = .
 *(.data)
 *(.data*)
 .data.modemode
                0x0000000020000000        0x1 ./Core/Src/input_processing.o
                0x0000000020000000                modemode
 *fill*         0x0000000020000001        0x3 
 .data.mode     0x0000000020000004        0x4 ./Core/Src/led_display.o
                0x0000000020000004                mode
 .data.cntred   0x0000000020000008        0x4 ./Core/Src/led_display.o
                0x0000000020000008                cntred
 .data.cntye    0x000000002000000c        0x4 ./Core/Src/led_display.o
                0x000000002000000c                cntye
 .data.cntgr    0x0000000020000010        0x4 ./Core/Src/led_display.o
                0x0000000020000010                cntgr
 .data.cntred2  0x0000000020000014        0x4 ./Core/Src/led_display.o
                0x0000000020000014                cntred2
 .data.cntye2   0x0000000020000018        0x4 ./Core/Src/led_display.o
                0x0000000020000018                cntye2
 .data.cntgr2   0x000000002000001c        0x4 ./Core/Src/led_display.o
                0x000000002000001c                cntgr2
 .data.red_duration
                0x0000000020000020        0x4 ./Core/Src/led_display.o
                0x0000000020000020                red_duration
 .data.yellow_duration
                0x0000000020000024        0x4 ./Core/Src/led_display.o
                0x0000000020000024                yellow_duration
 .data.green_duration
                0x0000000020000028        0x4 ./Core/Src/led_display.o
                0x0000000020000028                green_duration
 .data.SystemCoreClock
                0x000000002000002c        0x4 ./Core/Src/system_stm32f1xx.o
                0x000000002000002c                SystemCoreClock
 .data.uwTickPrio
                0x0000000020000030        0x4 ./Drivers/STM32F1xx_HAL_Driver/Src/stm32f1xx_hal.o
                0x0000000020000030                uwTickPrio
 .data.uwTickFreq
                0x0000000020000034        0x1 ./Drivers/STM32F1xx_HAL_Driver/Src/stm32f1xx_hal.o
                0x0000000020000034                uwTickFreq
 *(.RamFunc)
 *(.RamFunc*)
                0x0000000020000038                . = ALIGN (0x4)
 *fill*         0x0000000020000035        0x3 
                0x0000000020000038                _edata = .

.igot.plt       0x0000000020000038        0x0 load address 0x0000000008002ab4
 .igot.plt      0x0000000020000038        0x0 d:/bkra/keil c test/stm32cubeide_1.10.1/stm32cubeide/plugins/com.st.stm32cube.ide.mcu.externaltools.gnu-tools-for-stm32.10.3-2021.10.win32_1.0.0.202111181127/tools/bin/../lib/gcc/arm-none-eabi/10.3.1/thumb/v7-m/nofp/crtbegin.o
                0x0000000020000038                . = ALIGN (0x4)

.bss            0x0000000020000038      0x3c4 load address 0x0000000008002ab4
                0x0000000020000038                _sbss = .
                0x0000000020000038                __bss_start__ = _sbss
 *(.bss)
 .bss           0x0000000020000038       0x1c d:/bkra/keil c test/stm32cubeide_1.10.1/stm32cubeide/plugins/com.st.stm32cube.ide.mcu.externaltools.gnu-tools-for-stm32.10.3-2021.10.win32_1.0.0.202111181127/tools/bin/../lib/gcc/arm-none-eabi/10.3.1/thumb/v7-m/nofp/crtbegin.o
 *(.bss*)
 .bss.button1_flag
                0x0000000020000054        0x1 ./Core/Src/input_processing.o
                0x0000000020000054                button1_flag
 .bss.button2_flag
                0x0000000020000055        0x1 ./Core/Src/input_processing.o
                0x0000000020000055                button2_flag
 .bss.button3_flag
                0x0000000020000056        0x1 ./Core/Src/input_processing.o
                0x0000000020000056                button3_flag
 .bss.button4_flag
                0x0000000020000057        0x1 ./Core/Src/input_processing.o
                0x0000000020000057                button4_flag
 .bss.prev_button_states.0
                0x0000000020000058        0x4 ./Core/Src/input_processing.o
 .bss.buttonBuffer
                0x000000002000005c        0x4 ./Core/Src/input_reading.o
 .bss.debounceButtonBuffer1
                0x0000000020000060        0x4 ./Core/Src/input_reading.o
 .bss.debounceButtonBuffer2
                0x0000000020000064        0x4 ./Core/Src/input_reading.o
 .bss.flagForButtonPress1s
                0x0000000020000068        0x4 ./Core/Src/input_reading.o
 .bss.counterForButtonPress1s
                0x000000002000006c        0x8 ./Core/Src/input_reading.o
 .bss.digit_index
                0x0000000020000074        0x4 ./Core/Src/led_display.o
                0x0000000020000074                digit_index
 .bss.digit1    0x0000000020000078        0x1 ./Core/Src/led_display.o
                0x0000000020000078                digit1
 .bss.digit2    0x0000000020000079        0x1 ./Core/Src/led_display.o
                0x0000000020000079                digit2
 .bss.digit3    0x000000002000007a        0x1 ./Core/Src/led_display.o
                0x000000002000007a                digit3
 .bss.digit4    0x000000002000007b        0x1 ./Core/Src/led_display.o
                0x000000002000007b                digit4
 .bss.num11     0x000000002000007c        0x4 ./Core/Src/led_display.o
                0x000000002000007c                num11
 .bss.num22     0x0000000020000080        0x4 ./Core/Src/led_display.o
                0x0000000020000080                num22
 .bss.new_red_duration
                0x0000000020000084        0x4 ./Core/Src/led_display.o
                0x0000000020000084                new_red_duration
 .bss.new_yellow_duration
                0x0000000020000088        0x4 ./Core/Src/led_display.o
                0x0000000020000088                new_yellow_duration
 .bss.new_green_duration
                0x000000002000008c        0x4 ./Core/Src/led_display.o
                0x000000002000008c                new_green_duration
 .bss.htim2     0x0000000020000090       0x48 ./Core/Src/main.o
                0x0000000020000090                htim2
 .bss.SCH_tasks_G
                0x00000000200000d8      0x320 ./Core/Src/scheduler.o
                0x00000000200000d8                SCH_tasks_G
 .bss.uwTick    0x00000000200003f8        0x4 ./Drivers/STM32F1xx_HAL_Driver/Src/stm32f1xx_hal.o
                0x00000000200003f8                uwTick
 *(COMMON)
                0x00000000200003fc                . = ALIGN (0x4)
                0x00000000200003fc                _ebss = .
                0x00000000200003fc                __bss_end__ = _ebss

._user_heap_stack
                0x00000000200003fc      0x604 load address 0x0000000008002ab4
                0x0000000020000400                . = ALIGN (0x8)
 *fill*         0x00000000200003fc        0x4 
                [!provide]                        PROVIDE (end = .)
                0x0000000020000400                PROVIDE (_end = .)
                0x0000000020000600                . = (. + _Min_Heap_Size)
 *fill*         0x0000000020000400      0x200 
                0x0000000020000a00                . = (. + _Min_Stack_Size)
 *fill*         0x0000000020000600      0x400 
                0x0000000020000a00                . = ALIGN (0x8)

/DISCARD/
 libc.a(*)
 libm.a(*)
 libgcc.a(*)

.ARM.attributes
                0x0000000000000000       0x29
 *(.ARM.attributes)
 .ARM.attributes
                0x0000000000000000       0x1d d:/bkra/keil c test/stm32cubeide_1.10.1/stm32cubeide/plugins/com.st.stm32cube.ide.mcu.externaltools.gnu-tools-for-stm32.10.3-2021.10.win32_1.0.0.202111181127/tools/bin/../lib/gcc/arm-none-eabi/10.3.1/thumb/v7-m/nofp/crti.o
 .ARM.attributes
                0x000000000000001d       0x2d d:/bkra/keil c test/stm32cubeide_1.10.1/stm32cubeide/plugins/com.st.stm32cube.ide.mcu.externaltools.gnu-tools-for-stm32.10.3-2021.10.win32_1.0.0.202111181127/tools/bin/../lib/gcc/arm-none-eabi/10.3.1/thumb/v7-m/nofp/crtbegin.o
 .ARM.attributes
                0x000000000000004a       0x2d ./Core/Src/input_processing.o
 .ARM.attributes
                0x0000000000000077       0x2d ./Core/Src/input_reading.o
 .ARM.attributes
                0x00000000000000a4       0x2d ./Core/Src/led_display.o
 .ARM.attributes
                0x00000000000000d1       0x2d ./Core/Src/main.o
 .ARM.attributes
                0x00000000000000fe       0x2d ./Core/Src/scheduler.o
 .ARM.attributes
                0x000000000000012b       0x2d ./Core/Src/stm32f1xx_hal_msp.o
 .ARM.attributes
                0x0000000000000158       0x2d ./Core/Src/stm32f1xx_it.o
 .ARM.attributes
                0x0000000000000185       0x2d ./Core/Src/system_stm32f1xx.o
 .ARM.attributes
                0x00000000000001b2       0x21 ./Core/Startup/startup_stm32f103c6tx.o
 .ARM.attributes
                0x00000000000001d3       0x2d ./Drivers/STM32F1xx_HAL_Driver/Src/stm32f1xx_hal.o
 .ARM.attributes
                0x0000000000000200       0x2d ./Drivers/STM32F1xx_HAL_Driver/Src/stm32f1xx_hal_cortex.o
 .ARM.attributes
                0x000000000000022d       0x2d ./Drivers/STM32F1xx_HAL_Driver/Src/stm32f1xx_hal_gpio.o
 .ARM.attributes
                0x000000000000025a       0x2d ./Drivers/STM32F1xx_HAL_Driver/Src/stm32f1xx_hal_rcc.o
 .ARM.attributes
                0x0000000000000287       0x2d ./Drivers/STM32F1xx_HAL_Driver/Src/stm32f1xx_hal_tim.o
 .ARM.attributes
                0x00000000000002b4       0x2d ./Drivers/STM32F1xx_HAL_Driver/Src/stm32f1xx_hal_tim_ex.o
 .ARM.attributes
                0x00000000000002e1       0x2d d:/bkra/keil c test/stm32cubeide_1.10.1/stm32cubeide/plugins/com.st.stm32cube.ide.mcu.externaltools.gnu-tools-for-stm32.10.3-2021.10.win32_1.0.0.202111181127/tools/bin/../lib/gcc/arm-none-eabi/10.3.1/../../../../arm-none-eabi/lib/thumb/v7-m/nofp\libc_nano.a(lib_a-init.o)
 .ARM.attributes
                0x000000000000030e       0x2d d:/bkra/keil c test/stm32cubeide_1.10.1/stm32cubeide/plugins/com.st.stm32cube.ide.mcu.externaltools.gnu-tools-for-stm32.10.3-2021.10.win32_1.0.0.202111181127/tools/bin/../lib/gcc/arm-none-eabi/10.3.1/../../../../arm-none-eabi/lib/thumb/v7-m/nofp\libc_nano.a(lib_a-memset.o)
 .ARM.attributes
                0x000000000000033b       0x1d d:/bkra/keil c test/stm32cubeide_1.10.1/stm32cubeide/plugins/com.st.stm32cube.ide.mcu.externaltools.gnu-tools-for-stm32.10.3-2021.10.win32_1.0.0.202111181127/tools/bin/../lib/gcc/arm-none-eabi/10.3.1/thumb/v7-m/nofp/crtn.o
OUTPUT(lab44.elf elf32-littlearm)
LOAD linker stubs
LOAD d:/bkra/keil c test/stm32cubeide_1.10.1/stm32cubeide/plugins/com.st.stm32cube.ide.mcu.externaltools.gnu-tools-for-stm32.10.3-2021.10.win32_1.0.0.202111181127/tools/bin/../lib/gcc/arm-none-eabi/10.3.1/../../../../arm-none-eabi/lib/thumb/v7-m/nofp\libc.a
LOAD d:/bkra/keil c test/stm32cubeide_1.10.1/stm32cubeide/plugins/com.st.stm32cube.ide.mcu.externaltools.gnu-tools-for-stm32.10.3-2021.10.win32_1.0.0.202111181127/tools/bin/../lib/gcc/arm-none-eabi/10.3.1/../../../../arm-none-eabi/lib/thumb/v7-m/nofp\libm.a
LOAD d:/bkra/keil c test/stm32cubeide_1.10.1/stm32cubeide/plugins/com.st.stm32cube.ide.mcu.externaltools.gnu-tools-for-stm32.10.3-2021.10.win32_1.0.0.202111181127/tools/bin/../lib/gcc/arm-none-eabi/10.3.1/thumb/v7-m/nofp\libgcc.a

.debug_info     0x0000000000000000     0x8e58
 .debug_info    0x0000000000000000      0x306 ./Core/Src/input_processing.o
 .debug_info    0x0000000000000306      0x29d ./Core/Src/input_reading.o
 .debug_info    0x00000000000005a3      0x5ee ./Core/Src/led_display.o
 .debug_info    0x0000000000000b91      0xc56 ./Core/Src/main.o
 .debug_info    0x00000000000017e7      0x223 ./Core/Src/scheduler.o
 .debug_info    0x0000000000001a0a      0x8dc ./Core/Src/stm32f1xx_hal_msp.o
 .debug_info    0x00000000000022e6      0x6ef ./Core/Src/stm32f1xx_it.o
 .debug_info    0x00000000000029d5      0x23d ./Core/Src/system_stm32f1xx.o
 .debug_info    0x0000000000002c12       0x22 ./Core/Startup/startup_stm32f103c6tx.o
 .debug_info    0x0000000000002c34      0x716 ./Drivers/STM32F1xx_HAL_Driver/Src/stm32f1xx_hal.o
 .debug_info    0x000000000000334a      0xb02 ./Drivers/STM32F1xx_HAL_Driver/Src/stm32f1xx_hal_cortex.o
 .debug_info    0x0000000000003e4c      0x615 ./Drivers/STM32F1xx_HAL_Driver/Src/stm32f1xx_hal_gpio.o
 .debug_info    0x0000000000004461      0x865 ./Drivers/STM32F1xx_HAL_Driver/Src/stm32f1xx_hal_rcc.o
 .debug_info    0x0000000000004cc6     0x2bcb ./Drivers/STM32F1xx_HAL_Driver/Src/stm32f1xx_hal_tim.o
 .debug_info    0x0000000000007891     0x15c7 ./Drivers/STM32F1xx_HAL_Driver/Src/stm32f1xx_hal_tim_ex.o

.debug_abbrev   0x0000000000000000     0x1b04
 .debug_abbrev  0x0000000000000000      0x179 ./Core/Src/input_processing.o
 .debug_abbrev  0x0000000000000179      0x14c ./Core/Src/input_reading.o
 .debug_abbrev  0x00000000000002c5      0x1df ./Core/Src/led_display.o
 .debug_abbrev  0x00000000000004a4      0x2aa ./Core/Src/main.o
 .debug_abbrev  0x000000000000074e      0x12b ./Core/Src/scheduler.o
 .debug_abbrev  0x0000000000000879      0x19f ./Core/Src/stm32f1xx_hal_msp.o
 .debug_abbrev  0x0000000000000a18      0x184 ./Core/Src/stm32f1xx_it.o
 .debug_abbrev  0x0000000000000b9c      0x13b ./Core/Src/system_stm32f1xx.o
 .debug_abbrev  0x0000000000000cd7       0x12 ./Core/Startup/startup_stm32f103c6tx.o
 .debug_abbrev  0x0000000000000ce9      0x1fb ./Drivers/STM32F1xx_HAL_Driver/Src/stm32f1xx_hal.o
 .debug_abbrev  0x0000000000000ee4      0x2ed ./Drivers/STM32F1xx_HAL_Driver/Src/stm32f1xx_hal_cortex.o
 .debug_abbrev  0x00000000000011d1      0x1bb ./Drivers/STM32F1xx_HAL_Driver/Src/stm32f1xx_hal_gpio.o
 .debug_abbrev  0x000000000000138c      0x2a8 ./Drivers/STM32F1xx_HAL_Driver/Src/stm32f1xx_hal_rcc.o
 .debug_abbrev  0x0000000000001634      0x264 ./Drivers/STM32F1xx_HAL_Driver/Src/stm32f1xx_hal_tim.o
 .debug_abbrev  0x0000000000001898      0x26c ./Drivers/STM32F1xx_HAL_Driver/Src/stm32f1xx_hal_tim_ex.o

.debug_aranges  0x0000000000000000      0xab8
 .debug_aranges
                0x0000000000000000       0x30 ./Core/Src/input_processing.o
 .debug_aranges
                0x0000000000000030       0x30 ./Core/Src/input_reading.o
 .debug_aranges
                0x0000000000000060       0xe0 ./Core/Src/led_display.o
 .debug_aranges
                0x0000000000000140       0x50 ./Core/Src/main.o
 .debug_aranges
                0x0000000000000190       0x40 ./Core/Src/scheduler.o
 .debug_aranges
                0x00000000000001d0       0x30 ./Core/Src/stm32f1xx_hal_msp.o
 .debug_aranges
                0x0000000000000200       0x68 ./Core/Src/stm32f1xx_it.o
 .debug_aranges
                0x0000000000000268       0x28 ./Core/Src/system_stm32f1xx.o
 .debug_aranges
                0x0000000000000290       0x28 ./Core/Startup/startup_stm32f103c6tx.o
 .debug_aranges
                0x00000000000002b8       0xe0 ./Drivers/STM32F1xx_HAL_Driver/Src/stm32f1xx_hal.o
 .debug_aranges
                0x0000000000000398      0x100 ./Drivers/STM32F1xx_HAL_Driver/Src/stm32f1xx_hal_cortex.o
 .debug_aranges
                0x0000000000000498       0x58 ./Drivers/STM32F1xx_HAL_Driver/Src/stm32f1xx_hal_gpio.o
 .debug_aranges
                0x00000000000004f0       0x90 ./Drivers/STM32F1xx_HAL_Driver/Src/stm32f1xx_hal_rcc.o
 .debug_aranges
                0x0000000000000580      0x3d0 ./Drivers/STM32F1xx_HAL_Driver/Src/stm32f1xx_hal_tim.o
 .debug_aranges
                0x0000000000000950      0x168 ./Drivers/STM32F1xx_HAL_Driver/Src/stm32f1xx_hal_tim_ex.o

.debug_ranges   0x0000000000000000      0x9d0
 .debug_ranges  0x0000000000000000       0x20 ./Core/Src/input_processing.o
 .debug_ranges  0x0000000000000020       0x20 ./Core/Src/input_reading.o
 .debug_ranges  0x0000000000000040       0xd0 ./Core/Src/led_display.o
 .debug_ranges  0x0000000000000110       0x40 ./Core/Src/main.o
 .debug_ranges  0x0000000000000150       0x30 ./Core/Src/scheduler.o
 .debug_ranges  0x0000000000000180       0x20 ./Core/Src/stm32f1xx_hal_msp.o
 .debug_ranges  0x00000000000001a0       0x58 ./Core/Src/stm32f1xx_it.o
 .debug_ranges  0x00000000000001f8       0x18 ./Core/Src/system_stm32f1xx.o
 .debug_ranges  0x0000000000000210       0x20 ./Core/Startup/startup_stm32f103c6tx.o
 .debug_ranges  0x0000000000000230       0xd0 ./Drivers/STM32F1xx_HAL_Driver/Src/stm32f1xx_hal.o
 .debug_ranges  0x0000000000000300       0xf0 ./Drivers/STM32F1xx_HAL_Driver/Src/stm32f1xx_hal_cortex.o
 .debug_ranges  0x00000000000003f0       0x48 ./Drivers/STM32F1xx_HAL_Driver/Src/stm32f1xx_hal_gpio.o
 .debug_ranges  0x0000000000000438       0x80 ./Drivers/STM32F1xx_HAL_Driver/Src/stm32f1xx_hal_rcc.o
 .debug_ranges  0x00000000000004b8      0x3c0 ./Drivers/STM32F1xx_HAL_Driver/Src/stm32f1xx_hal_tim.o
 .debug_ranges  0x0000000000000878      0x158 ./Drivers/STM32F1xx_HAL_Driver/Src/stm32f1xx_hal_tim_ex.o

.debug_macro    0x0000000000000000    0x16924
 .debug_macro   0x0000000000000000      0x1ca ./Core/Src/input_processing.o
 .debug_macro   0x00000000000001ca      0xa6c ./Core/Src/input_processing.o
 .debug_macro   0x0000000000000c36      0x215 ./Core/Src/input_processing.o
 .debug_macro   0x0000000000000e4b       0x2e ./Core/Src/input_processing.o
 .debug_macro   0x0000000000000e79       0x22 ./Core/Src/input_processing.o
 .debug_macro   0x0000000000000e9b       0x22 ./Core/Src/input_processing.o
 .debug_macro   0x0000000000000ebd       0x8e ./Core/Src/input_processing.o
 .debug_macro   0x0000000000000f4b       0x51 ./Core/Src/input_processing.o
 .debug_macro   0x0000000000000f9c      0x103 ./Core/Src/input_processing.o
 .debug_macro   0x000000000000109f       0x6a ./Core/Src/input_processing.o
 .debug_macro   0x0000000000001109      0x1df ./Core/Src/input_processing.o
 .debug_macro   0x00000000000012e8       0x1c ./Core/Src/input_processing.o
 .debug_macro   0x0000000000001304       0x22 ./Core/Src/input_processing.o
 .debug_macro   0x0000000000001326       0xbd ./Core/Src/input_processing.o
 .debug_macro   0x00000000000013e3      0xd23 ./Core/Src/input_processing.o
 .debug_macro   0x0000000000002106     0xde75 ./Core/Src/input_processing.o
 .debug_macro   0x000000000000ff7b       0x6d ./Core/Src/input_processing.o
 .debug_macro   0x000000000000ffe8     0x34a2 ./Core/Src/input_processing.o
 .debug_macro   0x000000000001348a      0x174 ./Core/Src/input_processing.o
 .debug_macro   0x00000000000135fe       0x5c ./Core/Src/input_processing.o
 .debug_macro   0x000000000001365a      0x5bc ./Core/Src/input_processing.o
 .debug_macro   0x0000000000013c16      0x1b7 ./Core/Src/input_processing.o
 .debug_macro   0x0000000000013dcd      0x1cb ./Core/Src/input_processing.o
 .debug_macro   0x0000000000013f98      0x114 ./Core/Src/input_processing.o
 .debug_macro   0x00000000000140ac      0x1b2 ./Core/Src/input_processing.o
 .debug_macro   0x000000000001425e       0x27 ./Core/Src/input_processing.o
 .debug_macro   0x0000000000014285      0x12f ./Core/Src/input_processing.o
 .debug_macro   0x00000000000143b4      0x1bc ./Core/Src/input_processing.o
 .debug_macro   0x0000000000014570       0x34 ./Core/Src/input_processing.o
 .debug_macro   0x00000000000145a4       0x3c ./Core/Src/input_processing.o
 .debug_macro   0x00000000000145e0       0x57 ./Core/Src/input_processing.o
 .debug_macro   0x0000000000014637       0x87 ./Core/Src/input_processing.o
 .debug_macro   0x00000000000146be      0x183 ./Core/Src/input_processing.o
 .debug_macro   0x0000000000014841      0x140 ./Core/Src/input_processing.o
 .debug_macro   0x0000000000014981      0x8ed ./Core/Src/input_processing.o
 .debug_macro   0x000000000001526e       0x69 ./Core/Src/input_processing.o
 .debug_macro   0x00000000000152d7      0x118 ./Core/Src/input_processing.o
 .debug_macro   0x00000000000153ef      0x1d6 ./Core/Src/input_reading.o
 .debug_macro   0x00000000000155c5      0x1c8 ./Core/Src/led_display.o
 .debug_macro   0x000000000001578d      0x1d1 ./Core/Src/main.o
 .debug_macro   0x000000000001595e       0x1c ./Core/Src/main.o
 .debug_macro   0x000000000001597a       0x7b ./Core/Src/scheduler.o
 .debug_macro   0x00000000000159f5       0x16 ./Core/Src/scheduler.o
 .debug_macro   0x0000000000015a0b      0x1a6 ./Core/Src/stm32f1xx_hal_msp.o
 .debug_macro   0x0000000000015bb1      0x1b0 ./Core/Src/stm32f1xx_it.o
 .debug_macro   0x0000000000015d61      0x197 ./Core/Src/system_stm32f1xx.o
 .debug_macro   0x0000000000015ef8      0x1bb ./Drivers/STM32F1xx_HAL_Driver/Src/stm32f1xx_hal.o
 .debug_macro   0x00000000000160b3      0x197 ./Drivers/STM32F1xx_HAL_Driver/Src/stm32f1xx_hal_cortex.o
 .debug_macro   0x000000000001624a      0x202 ./Drivers/STM32F1xx_HAL_Driver/Src/stm32f1xx_hal_gpio.o
 .debug_macro   0x000000000001644c      0x1a9 ./Drivers/STM32F1xx_HAL_Driver/Src/stm32f1xx_hal_rcc.o
 .debug_macro   0x00000000000165f5      0x198 ./Drivers/STM32F1xx_HAL_Driver/Src/stm32f1xx_hal_tim.o
 .debug_macro   0x000000000001678d      0x197 ./Drivers/STM32F1xx_HAL_Driver/Src/stm32f1xx_hal_tim_ex.o

.debug_line     0x0000000000000000     0xb43e
 .debug_line    0x0000000000000000      0x7c9 ./Core/Src/input_processing.o
 .debug_line    0x00000000000007c9      0x75f ./Core/Src/input_reading.o
 .debug_line    0x0000000000000f28      0xacf ./Core/Src/led_display.o
 .debug_line    0x00000000000019f7      0x80b ./Core/Src/main.o
 .debug_line    0x0000000000002202      0x515 ./Core/Src/scheduler.o
 .debug_line    0x0000000000002717      0x6cc ./Core/Src/stm32f1xx_hal_msp.o
 .debug_line    0x0000000000002de3      0x76c ./Core/Src/stm32f1xx_it.o
 .debug_line    0x000000000000354f      0x710 ./Core/Src/system_stm32f1xx.o
 .debug_line    0x0000000000003c5f       0x86 ./Core/Startup/startup_stm32f103c6tx.o
 .debug_line    0x0000000000003ce5      0x93d ./Drivers/STM32F1xx_HAL_Driver/Src/stm32f1xx_hal.o
 .debug_line    0x0000000000004622      0xb25 ./Drivers/STM32F1xx_HAL_Driver/Src/stm32f1xx_hal_cortex.o
 .debug_line    0x0000000000005147      0x9c1 ./Drivers/STM32F1xx_HAL_Driver/Src/stm32f1xx_hal_gpio.o
 .debug_line    0x0000000000005b08      0xd49 ./Drivers/STM32F1xx_HAL_Driver/Src/stm32f1xx_hal_rcc.o
 .debug_line    0x0000000000006851     0x339a ./Drivers/STM32F1xx_HAL_Driver/Src/stm32f1xx_hal_tim.o
 .debug_line    0x0000000000009beb     0x1853 ./Drivers/STM32F1xx_HAL_Driver/Src/stm32f1xx_hal_tim_ex.o

.debug_str      0x0000000000000000    0x8258d
 .debug_str     0x0000000000000000    0x7f7b9 ./Core/Src/input_processing.o
                                      0x7fb12 (size before relaxing)
 .debug_str     0x000000000007f7b9      0x136 ./Core/Src/input_reading.o
                                      0x7fadb (size before relaxing)
 .debug_str     0x000000000007f8ef      0x1fd ./Core/Src/led_display.o
                                      0x7fc55 (size before relaxing)
 .debug_str     0x000000000007faec      0x80c ./Core/Src/main.o
                                      0x802b7 (size before relaxing)
 .debug_str     0x00000000000802f8       0x65 ./Core/Src/scheduler.o
                                       0x3fb2 (size before relaxing)
 .debug_str     0x000000000008035d      0x2d2 ./Core/Src/stm32f1xx_hal_msp.o
                                      0x8013a (size before relaxing)
 .debug_str     0x000000000008062f       0xec ./Core/Src/stm32f1xx_it.o
                                      0x7fea3 (size before relaxing)
 .debug_str     0x000000000008071b       0x7e ./Core/Src/system_stm32f1xx.o
                                      0x7f5db (size before relaxing)
 .debug_str     0x0000000000080799       0x36 ./Core/Startup/startup_stm32f103c6tx.o
                                         0x62 (size before relaxing)
 .debug_str     0x00000000000807cf      0x38e ./Drivers/STM32F1xx_HAL_Driver/Src/stm32f1xx_hal.o
                                      0x7fcd4 (size before relaxing)
 .debug_str     0x0000000000080b5d      0x29e ./Drivers/STM32F1xx_HAL_Driver/Src/stm32f1xx_hal_cortex.o
                                      0x7fc20 (size before relaxing)
 .debug_str     0x0000000000080dfb      0x2f6 ./Drivers/STM32F1xx_HAL_Driver/Src/stm32f1xx_hal_gpio.o
                                      0x7f961 (size before relaxing)
 .debug_str     0x00000000000810f1      0x229 ./Drivers/STM32F1xx_HAL_Driver/Src/stm32f1xx_hal_rcc.o
                                      0x7fa0a (size before relaxing)
 .debug_str     0x000000000008131a      0xde0 ./Drivers/STM32F1xx_HAL_Driver/Src/stm32f1xx_hal_tim.o
                                      0x80a0c (size before relaxing)
 .debug_str     0x00000000000820fa      0x493 ./Drivers/STM32F1xx_HAL_Driver/Src/stm32f1xx_hal_tim_ex.o
                                      0x80218 (size before relaxing)

.comment        0x0000000000000000       0x50
 .comment       0x0000000000000000       0x50 ./Core/Src/input_processing.o
                                         0x51 (size before relaxing)
 .comment       0x0000000000000050       0x51 ./Core/Src/input_reading.o
 .comment       0x0000000000000050       0x51 ./Core/Src/led_display.o
 .comment       0x0000000000000050       0x51 ./Core/Src/main.o
 .comment       0x0000000000000050       0x51 ./Core/Src/scheduler.o
 .comment       0x0000000000000050       0x51 ./Core/Src/stm32f1xx_hal_msp.o
 .comment       0x0000000000000050       0x51 ./Core/Src/stm32f1xx_it.o
 .comment       0x0000000000000050       0x51 ./Core/Src/system_stm32f1xx.o
 .comment       0x0000000000000050       0x51 ./Drivers/STM32F1xx_HAL_Driver/Src/stm32f1xx_hal.o
 .comment       0x0000000000000050       0x51 ./Drivers/STM32F1xx_HAL_Driver/Src/stm32f1xx_hal_cortex.o
 .comment       0x0000000000000050       0x51 ./Drivers/STM32F1xx_HAL_Driver/Src/stm32f1xx_hal_gpio.o
 .comment       0x0000000000000050       0x51 ./Drivers/STM32F1xx_HAL_Driver/Src/stm32f1xx_hal_rcc.o
 .comment       0x0000000000000050       0x51 ./Drivers/STM32F1xx_HAL_Driver/Src/stm32f1xx_hal_tim.o
 .comment       0x0000000000000050       0x51 ./Drivers/STM32F1xx_HAL_Driver/Src/stm32f1xx_hal_tim_ex.o

.debug_frame    0x0000000000000000     0x2ab0
 .debug_frame   0x0000000000000000       0x6c ./Core/Src/input_processing.o
 .debug_frame   0x000000000000006c       0x88 ./Core/Src/input_reading.o
 .debug_frame   0x00000000000000f4      0x30c ./Core/Src/led_display.o
 .debug_frame   0x0000000000000400       0xf0 ./Core/Src/main.o
 .debug_frame   0x00000000000004f0       0xd0 ./Core/Src/scheduler.o
 .debug_frame   0x00000000000005c0       0x80 ./Core/Src/stm32f1xx_hal_msp.o
 .debug_frame   0x0000000000000640      0x120 ./Core/Src/stm32f1xx_it.o
 .debug_frame   0x0000000000000760       0x58 ./Core/Src/system_stm32f1xx.o
 .debug_frame   0x00000000000007b8      0x334 ./Drivers/STM32F1xx_HAL_Driver/Src/stm32f1xx_hal.o
 .debug_frame   0x0000000000000aec      0x428 ./Drivers/STM32F1xx_HAL_Driver/Src/stm32f1xx_hal_cortex.o
 .debug_frame   0x0000000000000f14      0x14c ./Drivers/STM32F1xx_HAL_Driver/Src/stm32f1xx_hal_gpio.o
 .debug_frame   0x0000000000001060      0x218 ./Drivers/STM32F1xx_HAL_Driver/Src/stm32f1xx_hal_rcc.o
 .debug_frame   0x0000000000001278     0x11b4 ./Drivers/STM32F1xx_HAL_Driver/Src/stm32f1xx_hal_tim.o
 .debug_frame   0x000000000000242c      0x638 ./Drivers/STM32F1xx_HAL_Driver/Src/stm32f1xx_hal_tim_ex.o
 .debug_frame   0x0000000000002a64       0x2c d:/bkra/keil c test/stm32cubeide_1.10.1/stm32cubeide/plugins/com.st.stm32cube.ide.mcu.externaltools.gnu-tools-for-stm32.10.3-2021.10.win32_1.0.0.202111181127/tools/bin/../lib/gcc/arm-none-eabi/10.3.1/../../../../arm-none-eabi/lib/thumb/v7-m/nofp\libc_nano.a(lib_a-init.o)
 .debug_frame   0x0000000000002a90       0x20 d:/bkra/keil c test/stm32cubeide_1.10.1/stm32cubeide/plugins/com.st.stm32cube.ide.mcu.externaltools.gnu-tools-for-stm32.10.3-2021.10.win32_1.0.0.202111181127/tools/bin/../lib/gcc/arm-none-eabi/10.3.1/../../../../arm-none-eabi/lib/thumb/v7-m/nofp\libc_nano.a(lib_a-memset.o)
