../Core/Src/led_display.c:14:6:led_red_blink	8	static
../Core/Src/led_display.c:18:6:led_green_blink	8	static
../Core/Src/led_display.c:22:6:led_yellow_blink	8	static
../Core/Src/led_display.c:28:6:off_red_led	8	static
../Core/Src/led_display.c:33:6:off_yellow_led	8	static
../Core/Src/led_display.c:38:6:off_green_led	8	static
../Core/Src/led_display.c:44:6:modify_red_duration	8	static
../Core/Src/led_display.c:51:6:modify_yellow_duration	8	static
../Core/Src/led_display.c:58:6:modify_green_duration	8	static
../Core/Src/led_display.c:66:6:turn_green1	8	static
../Core/Src/led_display.c:73:6:turn_red1	8	static
../Core/Src/led_display.c:78:6:display1	16	static
../Core/Src/led_display.c:182:6:display2number	16	static
../Core/Src/led_display.c:224:6:updatemode	16	static
../Core/Src/led_display.c:241:6:timeledlight	8	static
../Core/Src/led_display.c:244:6:normalstate	8	static
../Core/Src/led_display.c:302:6:update_numbers	16	static
../Core/Src/led_display.c:306:6:increment_duration	16	static
../Core/Src/led_display.c:315:6:save_duration	16	static
../Core/Src/led_display.c:323:6:but2_red	8	static
../Core/Src/led_display.c:324:6:but2_ye	8	static
../Core/Src/led_display.c:325:6:but2_gr	8	static
../Core/Src/led_display.c:328:6:but3_red	8	static
../Core/Src/led_display.c:329:6:but3_ye	8	static
../Core/Src/led_display.c:330:6:but3_gr	8	static
